Archive member included to satisfy reference by file (symbol)

/usr/lib/gcc/mipsel-elf/10.1.0/../../../../mipsel-elf/lib/soft-float/micromips/libm.a(lib_a-w_pow.o)
                              build/RFM69.o (pow)
/usr/lib/gcc/mipsel-elf/10.1.0/../../../../mipsel-elf/lib/soft-float/micromips/libm.a(lib_a-e_pow.o)
                              /usr/lib/gcc/mipsel-elf/10.1.0/../../../../mipsel-elf/lib/soft-float/micromips/libm.a(lib_a-w_pow.o) (__ieee754_pow)
/usr/lib/gcc/mipsel-elf/10.1.0/../../../../mipsel-elf/lib/soft-float/micromips/libm.a(lib_a-e_sqrt.o)
                              /usr/lib/gcc/mipsel-elf/10.1.0/../../../../mipsel-elf/lib/soft-float/micromips/libm.a(lib_a-e_pow.o) (__ieee754_sqrt)
/usr/lib/gcc/mipsel-elf/10.1.0/../../../../mipsel-elf/lib/soft-float/micromips/libm.a(lib_a-s_fabs.o)
                              /usr/lib/gcc/mipsel-elf/10.1.0/../../../../mipsel-elf/lib/soft-float/micromips/libm.a(lib_a-e_pow.o) (fabs)
/usr/lib/gcc/mipsel-elf/10.1.0/../../../../mipsel-elf/lib/soft-float/micromips/libm.a(lib_a-s_finite.o)
                              /usr/lib/gcc/mipsel-elf/10.1.0/../../../../mipsel-elf/lib/soft-float/micromips/libm.a(lib_a-w_pow.o) (finite)
/usr/lib/gcc/mipsel-elf/10.1.0/../../../../mipsel-elf/lib/soft-float/micromips/libm.a(lib_a-s_lib_ver.o)
                              /usr/lib/gcc/mipsel-elf/10.1.0/../../../../mipsel-elf/lib/soft-float/micromips/libm.a(lib_a-w_pow.o) (__fdlib_version)
/usr/lib/gcc/mipsel-elf/10.1.0/../../../../mipsel-elf/lib/soft-float/micromips/libm.a(lib_a-s_nan.o)
                              /usr/lib/gcc/mipsel-elf/10.1.0/../../../../mipsel-elf/lib/soft-float/micromips/libm.a(lib_a-e_pow.o) (nan)
/usr/lib/gcc/mipsel-elf/10.1.0/../../../../mipsel-elf/lib/soft-float/micromips/libm.a(lib_a-s_rint.o)
                              /usr/lib/gcc/mipsel-elf/10.1.0/../../../../mipsel-elf/lib/soft-float/micromips/libm.a(lib_a-w_pow.o) (rint)
/usr/lib/gcc/mipsel-elf/10.1.0/../../../../mipsel-elf/lib/soft-float/micromips/libm.a(lib_a-s_scalbn.o)
                              /usr/lib/gcc/mipsel-elf/10.1.0/../../../../mipsel-elf/lib/soft-float/micromips/libm.a(lib_a-e_pow.o) (scalbn)
/usr/lib/gcc/mipsel-elf/10.1.0/../../../../mipsel-elf/lib/soft-float/micromips/libc.a(lib_a-errno.o)
                              /usr/lib/gcc/mipsel-elf/10.1.0/../../../../mipsel-elf/lib/soft-float/micromips/libm.a(lib_a-w_pow.o) (__errno)
/usr/lib/gcc/mipsel-elf/10.1.0/../../../../mipsel-elf/lib/soft-float/micromips/libc.a(lib_a-impure.o)
                              /usr/lib/gcc/mipsel-elf/10.1.0/../../../../mipsel-elf/lib/soft-float/micromips/libc.a(lib_a-errno.o) (_impure_ptr)
/usr/lib/gcc/mipsel-elf/10.1.0/../../../../mipsel-elf/lib/soft-float/micromips/libc.a(lib_a-memset.o)
                              build/main.o (memset)
/usr/lib/gcc/mipsel-elf/10.1.0/../../../../mipsel-elf/lib/soft-float/micromips/libc.a(lib_a-sprintf.o)
                              build/main.o (sprintf)
/usr/lib/gcc/mipsel-elf/10.1.0/../../../../mipsel-elf/lib/soft-float/micromips/libc.a(lib_a-sscanf.o)
                              build/main.o (sscanf)
/usr/lib/gcc/mipsel-elf/10.1.0/../../../../mipsel-elf/lib/soft-float/micromips/libc.a(lib_a-stdio.o)
                              /usr/lib/gcc/mipsel-elf/10.1.0/../../../../mipsel-elf/lib/soft-float/micromips/libc.a(lib_a-sscanf.o) (__seofread)
/usr/lib/gcc/mipsel-elf/10.1.0/../../../../mipsel-elf/lib/soft-float/micromips/libc.a(lib_a-strlen.o)
                              /usr/lib/gcc/mipsel-elf/10.1.0/../../../../mipsel-elf/lib/soft-float/micromips/libc.a(lib_a-sscanf.o) (strlen)
/usr/lib/gcc/mipsel-elf/10.1.0/../../../../mipsel-elf/lib/soft-float/micromips/libc.a(lib_a-writer.o)
                              /usr/lib/gcc/mipsel-elf/10.1.0/../../../../mipsel-elf/lib/soft-float/micromips/libc.a(lib_a-stdio.o) (_write_r)
/usr/lib/gcc/mipsel-elf/10.1.0/../../../../mipsel-elf/lib/soft-float/micromips/libc.a(lib_a-closer.o)
                              /usr/lib/gcc/mipsel-elf/10.1.0/../../../../mipsel-elf/lib/soft-float/micromips/libc.a(lib_a-stdio.o) (_close_r)
/usr/lib/gcc/mipsel-elf/10.1.0/../../../../mipsel-elf/lib/soft-float/micromips/libc.a(lib_a-lseekr.o)
                              /usr/lib/gcc/mipsel-elf/10.1.0/../../../../mipsel-elf/lib/soft-float/micromips/libc.a(lib_a-stdio.o) (_lseek_r)
/usr/lib/gcc/mipsel-elf/10.1.0/../../../../mipsel-elf/lib/soft-float/micromips/libc.a(lib_a-nano-svfprintf.o)
                              /usr/lib/gcc/mipsel-elf/10.1.0/../../../../mipsel-elf/lib/soft-float/micromips/libc.a(lib_a-sprintf.o) (_svfprintf_r)
/usr/lib/gcc/mipsel-elf/10.1.0/../../../../mipsel-elf/lib/soft-float/micromips/libc.a(lib_a-nano-svfscanf.o)
                              /usr/lib/gcc/mipsel-elf/10.1.0/../../../../mipsel-elf/lib/soft-float/micromips/libc.a(lib_a-sscanf.o) (__ssvfscanf_r)
/usr/lib/gcc/mipsel-elf/10.1.0/../../../../mipsel-elf/lib/soft-float/micromips/libc.a(lib_a-nano-vfprintf_i.o)
[...]
Memory Configuration

Name             Origin             Length             Attributes
kseg0_program_mem 0x000000009d000000 0x0000000000010000 xr
debug_exec_mem   0x000000009fc00490 0x0000000000000760
kseg0_boot_mem   0x000000009fc00490 0x0000000000000000
kseg1_boot_mem   0x00000000bfc00000 0x0000000000000490
config_BFC01744  0x00000000bfc01744 0x0000000000000004
config_BFC01748  0x00000000bfc01748 0x0000000000000004
config_BFC0174C  0x00000000bfc0174c 0x0000000000000004
config_BFC01750  0x00000000bfc01750 0x0000000000000004
config_BFC01754  0x00000000bfc01754 0x0000000000000004
config_BFC01758  0x00000000bfc01758 0x0000000000000004
config_BFC01760  0x00000000bfc01760 0x0000000000000004
config_BFC017C4  0x00000000bfc017c4 0x0000000000000004
config_BFC017C8  0x00000000bfc017c8 0x0000000000000004
config_BFC017CC  0x00000000bfc017cc 0x0000000000000004
config_BFC017D0  0x00000000bfc017d0 0x0000000000000004
config_BFC017D4  0x00000000bfc017d4 0x0000000000000004
config_BFC017D8  0x00000000bfc017d8 0x0000000000000004
config_BFC017E0  0x00000000bfc017e0 0x0000000000000004
kseg0_data_mem   0x0000000080000000 0x0000000000002000 w !x
sfrs             0x00000000bf800000 0x0000000000100000
configsfrs_BFC01740 0x00000000bfc01740 0x000000000000001c
configsfrs_BFC017C0 0x00000000bfc017c0 0x000000000000001c
*default*        0x0000000000000000 0xffffffffffffffff

Linker script and memory map

                0x0000000000000500                _min_heap_size = 0x500
                0x0000000000000500                _min_stack_size = 0x500
LOAD build/main.o
LOAD build/interrupt.o
LOAD build/syscalls.o
LOAD build/configBits.o
LOAD build/UARTDrv.o
LOAD build/helper.o
LOAD build/SPIDrv.o
LOAD build/GPIODrv.o
LOAD build/BTN.o
LOAD build/COMMS.o
LOAD build/LED.o
LOAD build/RFM69.o
LOAD build/processor.o
LOAD /tmp/ccSTs7GC.o
LOAD /tmp/ccCxLQkz.o
LOAD /tmp/ccpMPiCy.o
LOAD /usr/lib/gcc/mipsel-elf/10.1.0/../../../../mipsel-elf/lib/soft-float/micromips/libm.a
LOAD /usr/lib/gcc/mipsel-elf/10.1.0/../../../../mipsel-elf/lib/soft-float/micromips/libc.a
LOAD /usr/lib/gcc/mipsel-elf/10.1.0/soft-float/micromips/libgcc.a
LOAD /usr/lib/gcc/mipsel-elf/10.1.0/../../../../mipsel-elf/lib/soft-float/micromips/libnosys.a
LOAD build/processor.o
                0x0000000000000001                PROVIDE (_vector_spacing = 0x1)
                0x000000009d000000                PROVIDE (_ebase_address = 0x9d000000)
                0x00000000bfc00000                _RESET_ADDR = 0xbfc00000
                0x00000000bfc00380                _BEV_EXCPT_ADDR = 0xbfc00380
                0x00000000bfc00480                _DBG_EXCPT_ADDR = 0xbfc00480
                0x000000009fc00490                _DBG_CODE_ADDR = 0x9fc00490
                0x0000000000000760                _DBG_CODE_SIZE = 0x760
                0x000000009d000000                _SIMPLE_TLB_REFILL_EXCPT_ADDR = (_ebase_address + 0x0)
                0x000000009d000180                _GEN_EXCPT_ADDR = (_ebase_address + 0x180)

.config_BFC01744
                0x00000000bfc01744        0x4
 *(.config_BFC01744)
 *(.SECTION_AFDEVOPT)
 .SECTION_AFDEVOPT
                0x00000000bfc01744        0x4 build/configBits.o
                0x00000000bfc01744                temp_afdevopt

.config_BFC01748
                0x00000000bfc01748        0x4
 *(.config_BFC01748)
 *(.SECTION_AFICD)
 .SECTION_AFICD
                0x00000000bfc01748        0x4 build/configBits.o
                0x00000000bfc01748                temp_aficd

.config_BFC0174C
                0x00000000bfc0174c        0x4
 *(.config_BFC0174C)
 *(.SECTION_AFPOR)
 .SECTION_AFPOR
                0x00000000bfc0174c        0x4 build/configBits.o
                0x00000000bfc0174c                temp_afpor

.config_BFC01750
                0x00000000bfc01750        0x4
 *(.config_BFC01750)
 *(.SECTION_AFWDT)
 .SECTION_AFWDT
                0x00000000bfc01750        0x4 build/configBits.o
                0x00000000bfc01750                temp_afwdt

.config_BFC01754
                0x00000000bfc01754        0x4
 *(.config_BFC01754)
 *(.SECTION_AFOSCSEL)
 .SECTION_AFOSCSEL
                0x00000000bfc01754        0x4 build/configBits.o
                0x00000000bfc01754                temp_afoscsel

.config_BFC01758
                0x00000000bfc01758        0x4
 *(.config_BFC01758)
 *(.SECTION_AFSEC)
 .SECTION_AFSEC
                0x00000000bfc01758        0x4 build/configBits.o
                0x00000000bfc01758                temp_afsec

.config_BFC01760
                0x00000000bfc01760        0x4
 *(.config_BFC01760)
 *(.SECTION_AFRESERVED)
 .SECTION_AFRESERVED
                0x00000000bfc01760        0x4 build/configBits.o
                0x00000000bfc01760                temp_afreserved

.config_BFC017C4
                0x00000000bfc017c4        0x4
 *(.config_BFC017C4)
 *(.SECTION_FDEVOPT)
 .SECTION_FDEVOPT
                0x00000000bfc017c4        0x4 build/configBits.o
                0x00000000bfc017c4                temp_fdevopt

.config_BFC017C8
                0x00000000bfc017c8        0x4
 *(.config_BFC017C8)
 *(.SECTION_FICD)
 .SECTION_FICD  0x00000000bfc017c8        0x4 build/configBits.o
                0x00000000bfc017c8                temp_ficd

.config_BFC017CC
                0x00000000bfc017cc        0x4
 *(.config_BFC017CC)
 *(.SECTION_FPOR)
 .SECTION_FPOR  0x00000000bfc017cc        0x4 build/configBits.o
                0x00000000bfc017cc                temp_fpor

.config_BFC017D0
                0x00000000bfc017d0        0x4
 *(.config_BFC017D0)
 *(.SECTION_FWDT)
 .SECTION_FWDT  0x00000000bfc017d0        0x4 build/configBits.o
                0x00000000bfc017d0                temp_fwdt

.config_BFC017D4
                0x00000000bfc017d4        0x4
 *(.config_BFC017D4)
 *(.SECTION_FOSCSEL)
 .SECTION_FOSCSEL
                0x00000000bfc017d4        0x4 build/configBits.o
                0x00000000bfc017d4                temp_foscsel

.config_BFC017D8
                0x00000000bfc017d8        0x4
 *(.config_BFC017D8)
 *(.SECTION_FSEC)
 .SECTION_FSEC  0x00000000bfc017d8        0x4 build/configBits.o
                0x00000000bfc017d8                temp_fsec

.config_BFC017E0
                0x00000000bfc017e0        0x4
 *(.config_BFC017E0)
 *(.SECTION_FRESERVED)
 .SECTION_FRESERVED
                0x00000000bfc017e0        0x4 build/configBits.o
                0x00000000bfc017e0                temp_freserved
                [!provide]                        PROVIDE (_min_stack_size = 0x400)
                [!provide]                        PROVIDE (_min_heap_size = 0x200)
                0x0000000000000000                PROVIDE (_ramfunc_begin = 0x0)

.reset          0x00000000bfc00000      0x180
 *(.reset)
 .reset         0x00000000bfc00000        0x8 /tmp/ccSTs7GC.o
                0x00000000bfc00001                _reset
 *(.reset.startup)
 .reset.startup
                0x00000000bfc00008      0x178 /tmp/ccSTs7GC.o

.bev_excpt      0x00000000bfc00380        0x4
 *(.bev_handler)
 .bev_handler   0x00000000bfc00380        0x4 /tmp/ccSTs7GC.o

.dbg_excpt      0x00000000bfc00480        0x0
                0x00000000bfc00480                . = (. + DEFINED (_DEBUGGER)?0x8:0x0)

.dbg_code       0x000000009fc00490        0x0
                0x000000009fc00490                . = (. + DEFINED (_DEBUGGER)?_DBG_CODE_SIZE:0x0)

.app_excpt      0x000000009d000180       0x18
 *(.gen_handler)
 .gen_handler   0x000000009d000180       0x18 /tmp/ccSTs7GC.o

.vector_0       0x000000009d000200        0x8
 *(.vector_0)
 .vector_0      0x000000009d000200        0x8 /tmp/ccpMPiCy.o
                0x0000000000000001                ASSERT (((_vector_spacing == 0x0) || (SIZEOF (.vector_0) <= (_vector_spacing << 0x3))), function at exception vector 0 too large)

.vector_1       0x000000009d000208        0x8
 *(.vector_1)
 .vector_1      0x000000009d000208        0x8 /tmp/ccpMPiCy.o
                0x0000000000000001                ASSERT (((_vector_spacing == 0x0) || (SIZEOF (.vector_1) <= (_vector_spacing << 0x3))), function at exception vector 1 too large)

.vector_2       0x000000009d000210        0x8
 *(.vector_2)
 .vector_2      0x000000009d000210        0x8 /tmp/ccpMPiCy.o
                0x0000000000000001                ASSERT (((_vector_spacing == 0x0) || (SIZEOF (.vector_2) <= (_vector_spacing << 0x3))), function at exception vector 2 too large)

.vector_3       0x000000009d000218        0x8
 *(.vector_3)
 .vector_3      0x000000009d000218        0x8 /tmp/ccpMPiCy.o
                0x0000000000000001                ASSERT (((_vector_spacing == 0x0) || (SIZEOF (.vector_3) <= (_vector_spacing << 0x3))), function at exception vector 3 too large)

.vector_4       0x000000009d000220        0x8
 *(.vector_4)
 .vector_4      0x000000009d000220        0x8 /tmp/ccpMPiCy.o
                0x0000000000000001                ASSERT (((_vector_spacing == 0x0) || (SIZEOF (.vector_4) <= (_vector_spacing << 0x3))), function at exception vector 4 too large)

.vector_5       0x000000009d000228        0x8
 *(.vector_5)
 .vector_5      0x000000009d000228        0x8 /tmp/ccpMPiCy.o
                0x0000000000000001                ASSERT (((_vector_spacing == 0x0) || (SIZEOF (.vector_5) <= (_vector_spacing << 0x3))), function at exception vector 5 too large)

.vector_6       0x000000009d000230        0x8
 *(.vector_6)
 .vector_6      0x000000009d000230        0x8 /tmp/ccpMPiCy.o
                0x0000000000000001                ASSERT (((_vector_spacing == 0x0) || (SIZEOF (.vector_6) <= (_vector_spacing << 0x3))), function at exception vector 6 too large)

.vector_7       0x000000009d000238        0x8
 *(.vector_7)
 .vector_7      0x000000009d000238        0x8 /tmp/ccpMPiCy.o
                0x0000000000000001                ASSERT (((_vector_spacing == 0x0) || (SIZEOF (.vector_7) <= (_vector_spacing << 0x3))), function at exception vector 7 too large)

.vector_8       0x000000009d000240        0x8
 *(.vector_8)
 .vector_8      0x000000009d000240        0x8 /tmp/ccpMPiCy.o
                0x0000000000000001                ASSERT (((_vector_spacing == 0x0) || (SIZEOF (.vector_8) <= (_vector_spacing << 0x3))), function at exception vector 8 too large)

.vector_9       0x000000009d000248        0x8
 *(.vector_9)
 .vector_9      0x000000009d000248        0x8 /tmp/ccpMPiCy.o
                0x0000000000000001                ASSERT (((_vector_spacing == 0x0) || (SIZEOF (.vector_9) <= (_vector_spacing << 0x3))), function at exception vector 9 too large)

.vector_10      0x000000009d000250        0x8
 *(.vector_10)
 .vector_10     0x000000009d000250        0x8 /tmp/ccpMPiCy.o
                0x0000000000000001                ASSERT (((_vector_spacing == 0x0) || (SIZEOF (.vector_10) <= (_vector_spacing << 0x3))), function at exception vector 10 too large)

.vector_11      0x000000009d000258        0x8
 *(.vector_11)
 .vector_11     0x000000009d000258        0x8 /tmp/ccpMPiCy.o
                0x0000000000000001                ASSERT (((_vector_spacing == 0x0) || (SIZEOF (.vector_11) <= (_vector_spacing << 0x3))), function at exception vector 11 too large)

.vector_12      0x000000009d000260        0x8
 *(.vector_12)
 .vector_12     0x000000009d000260        0x8 /tmp/ccpMPiCy.o
                0x0000000000000001                ASSERT (((_vector_spacing == 0x0) || (SIZEOF (.vector_12) <= (_vector_spacing << 0x3))), function at exception vector 12 too large)

.vector_13      0x000000009d000268        0x8
 *(.vector_13)
 .vector_13     0x000000009d000268        0x8 /tmp/ccpMPiCy.o
                0x0000000000000001                ASSERT (((_vector_spacing == 0x0) || (SIZEOF (.vector_13) <= (_vector_spacing << 0x3))), function at exception vector 13 too large)

.vector_14      0x000000009d000270        0x8
 *(.vector_14)
 .vector_14     0x000000009d000270        0x8 /tmp/ccpMPiCy.o
                0x0000000000000001                ASSERT (((_vector_spacing == 0x0) || (SIZEOF (.vector_14) <= (_vector_spacing << 0x3))), function at exception vector 14 too large)

.vector_15      0x000000009d000278        0x8
 *(.vector_15)
 .vector_15     0x000000009d000278        0x8 /tmp/ccpMPiCy.o
                0x0000000000000001                ASSERT (((_vector_spacing == 0x0) || (SIZEOF (.vector_15) <= (_vector_spacing << 0x3))), function at exception vector 15 too large)

.vector_16      0x000000009d000280        0x8
 *(.vector_16)
 .vector_16     0x000000009d000280        0x8 /tmp/ccpMPiCy.o
                0x0000000000000001                ASSERT (((_vector_spacing == 0x0) || (SIZEOF (.vector_16) <= (_vector_spacing << 0x3))), function at exception vector 16 too large)

.vector_17      0x000000009d000288        0x8
 *(.vector_17)
 .vector_17     0x000000009d000288        0x8 /tmp/ccpMPiCy.o
                0x0000000000000001                ASSERT (((_vector_spacing == 0x0) || (SIZEOF (.vector_17) <= (_vector_spacing << 0x3))), function at exception vector 17 too large)

.vector_18      0x000000009d000290        0x8
 *(.vector_18)
 .vector_18     0x000000009d000290        0x8 /tmp/ccpMPiCy.o
                0x0000000000000001                ASSERT (((_vector_spacing == 0x0) || (SIZEOF (.vector_18) <= (_vector_spacing << 0x3))), function at exception vector 18 too large)

.vector_19      0x000000009d000298        0x8
 *(.vector_19)
 .vector_19     0x000000009d000298        0x8 /tmp/ccpMPiCy.o
                0x0000000000000001                ASSERT (((_vector_spacing == 0x0) || (SIZEOF (.vector_19) <= (_vector_spacing << 0x3))), function at exception vector 19 too large)

.vector_20      0x000000009d0002a0        0x8
 *(.vector_20)
 .vector_20     0x000000009d0002a0        0x8 /tmp/ccpMPiCy.o
                0x0000000000000001                ASSERT (((_vector_spacing == 0x0) || (SIZEOF (.vector_20) <= (_vector_spacing << 0x3))), function at exception vector 20 too large)

.vector_21      0x000000009d0002a8        0x8
 *(.vector_21)
 .vector_21     0x000000009d0002a8        0x8 /tmp/ccpMPiCy.o
                0x0000000000000001                ASSERT (((_vector_spacing == 0x0) || (SIZEOF (.vector_21) <= (_vector_spacing << 0x3))), function at exception vector 21 too large)

.vector_22      0x000000009d0002b0        0x8
 *(.vector_22)
 .vector_22     0x000000009d0002b0        0x8 /tmp/ccpMPiCy.o
                0x0000000000000001                ASSERT (((_vector_spacing == 0x0) || (SIZEOF (.vector_22) <= (_vector_spacing << 0x3))), function at exception vector 22 too large)

.vector_23      0x000000009d0002b8        0x8
 *(.vector_23)
 .vector_23     0x000000009d0002b8        0x8 /tmp/ccpMPiCy.o
                0x0000000000000001                ASSERT (((_vector_spacing == 0x0) || (SIZEOF (.vector_23) <= (_vector_spacing << 0x3))), function at exception vector 23 too large)

.vector_24      0x000000009d0002c0        0x8
 *(.vector_24)
 .vector_24     0x000000009d0002c0        0x8 /tmp/ccpMPiCy.o
                0x0000000000000001                ASSERT (((_vector_spacing == 0x0) || (SIZEOF (.vector_24) <= (_vector_spacing << 0x3))), function at exception vector 24 too large)

.vector_25      0x000000009d0002c8        0x8
 *(.vector_25)
 .vector_25     0x000000009d0002c8        0x8 /tmp/ccpMPiCy.o
                0x0000000000000001                ASSERT (((_vector_spacing == 0x0) || (SIZEOF (.vector_25) <= (_vector_spacing << 0x3))), function at exception vector 25 too large)

.vector_26      0x000000009d0002d0        0x8
 *(.vector_26)
 .vector_26     0x000000009d0002d0        0x8 /tmp/ccpMPiCy.o
                0x0000000000000001                ASSERT (((_vector_spacing == 0x0) || (SIZEOF (.vector_26) <= (_vector_spacing << 0x3))), function at exception vector 26 too large)

.vector_27      0x000000009d0002d8        0x8
 *(.vector_27)
 .vector_27     0x000000009d0002d8        0x8 /tmp/ccpMPiCy.o
                0x0000000000000001                ASSERT (((_vector_spacing == 0x0) || (SIZEOF (.vector_27) <= (_vector_spacing << 0x3))), function at exception vector 27 too large)

.vector_28      0x000000009d0002e0        0x8
 *(.vector_28)
 .vector_28     0x000000009d0002e0        0x8 /tmp/ccpMPiCy.o
                0x0000000000000001                ASSERT (((_vector_spacing == 0x0) || (SIZEOF (.vector_28) <= (_vector_spacing << 0x3))), function at exception vector 28 too large)

.vector_29      0x000000009d0002e8        0x8
 *(.vector_29)
 .vector_29     0x000000009d0002e8        0x8 /tmp/ccpMPiCy.o
                0x0000000000000001                ASSERT (((_vector_spacing == 0x0) || (SIZEOF (.vector_29) <= (_vector_spacing << 0x3))), function at exception vector 29 too large)

.vector_30      0x000000009d0002f0        0x8
 *(.vector_30)
 .vector_30     0x000000009d0002f0        0x8 /tmp/ccpMPiCy.o
                0x0000000000000001                ASSERT (((_vector_spacing == 0x0) || (SIZEOF (.vector_30) <= (_vector_spacing << 0x3))), function at exception vector 30 too large)

.vector_31      0x000000009d0002f8        0x8
 *(.vector_31)
 .vector_31     0x000000009d0002f8        0x8 /tmp/ccpMPiCy.o
                0x0000000000000001                ASSERT (((_vector_spacing == 0x0) || (SIZEOF (.vector_31) <= (_vector_spacing << 0x3))), function at exception vector 31 too large)

.vector_32      0x000000009d000300        0x8
 *(.vector_32)
 .vector_32     0x000000009d000300        0x8 /tmp/ccpMPiCy.o
                0x0000000000000001                ASSERT (((_vector_spacing == 0x0) || (SIZEOF (.vector_32) <= (_vector_spacing << 0x3))), function at exception vector 32 too large)

.vector_33      0x000000009d000308        0x8
 *(.vector_33)
 .vector_33     0x000000009d000308        0x8 /tmp/ccpMPiCy.o
                0x0000000000000001                ASSERT (((_vector_spacing == 0x0) || (SIZEOF (.vector_33) <= (_vector_spacing << 0x3))), function at exception vector 33 too large)

.vector_34      0x000000009d000310        0x8
 *(.vector_34)
 .vector_34     0x000000009d000310        0x8 /tmp/ccpMPiCy.o
                0x0000000000000001                ASSERT (((_vector_spacing == 0x0) || (SIZEOF (.vector_34) <= (_vector_spacing << 0x3))), function at exception vector 34 too large)

.vector_35      0x000000009d000318        0x0
 *(.vector_35)
                0x0000000000000001                ASSERT (((_vector_spacing == 0x0) || (SIZEOF (.vector_35) <= (_vector_spacing << 0x3))), function at exception vector 35 too large)

.vector_36      0x000000009d000320        0x0
 *(.vector_36)
                0x0000000000000001                ASSERT (((_vector_spacing == 0x0) || (SIZEOF (.vector_36) <= (_vector_spacing << 0x3))), function at exception vector 36 too large)

.vector_37      0x000000009d000328        0x8
 *(.vector_37)
 .vector_37     0x000000009d000328        0x8 /tmp/ccpMPiCy.o
                0x0000000000000001                ASSERT (((_vector_spacing == 0x0) || (SIZEOF (.vector_37) <= (_vector_spacing << 0x3))), function at exception vector 37 too large)

.vector_38      0x000000009d000330        0x8
 *(.vector_38)
 .vector_38     0x000000009d000330        0x8 /tmp/ccpMPiCy.o
                0x0000000000000001                ASSERT (((_vector_spacing == 0x0) || (SIZEOF (.vector_38) <= (_vector_spacing << 0x3))), function at exception vector 38 too large)

.vector_39      0x000000009d000338        0x8
 *(.vector_39)
 .vector_39     0x000000009d000338        0x8 /tmp/ccpMPiCy.o
                0x0000000000000001                ASSERT (((_vector_spacing == 0x0) || (SIZEOF (.vector_39) <= (_vector_spacing << 0x3))), function at exception vector 39 too large)

.vector_40      0x000000009d000340        0x8
 *(.vector_40)
 .vector_40     0x000000009d000340        0x8 /tmp/ccpMPiCy.o
                0x0000000000000001                ASSERT (((_vector_spacing == 0x0) || (SIZEOF (.vector_40) <= (_vector_spacing << 0x3))), function at exception vector 40 too large)

.vector_41      0x000000009d000348        0x8
 *(.vector_41)
 .vector_41     0x000000009d000348        0x8 /tmp/ccpMPiCy.o
                0x0000000000000001                ASSERT (((_vector_spacing == 0x0) || (SIZEOF (.vector_41) <= (_vector_spacing << 0x3))), function at exception vector 41 too large)

.vector_42      0x000000009d000350        0x8
 *(.vector_42)
 .vector_42     0x000000009d000350        0x8 /tmp/ccpMPiCy.o
                0x0000000000000001                ASSERT (((_vector_spacing == 0x0) || (SIZEOF (.vector_42) <= (_vector_spacing << 0x3))), function at exception vector 42 too large)

.vector_43      0x000000009d000358        0x8
 *(.vector_43)
 .vector_43     0x000000009d000358        0x8 /tmp/ccpMPiCy.o
                0x0000000000000001                ASSERT (((_vector_spacing == 0x0) || (SIZEOF (.vector_43) <= (_vector_spacing << 0x3))), function at exception vector 43 too large)

.vector_44      0x000000009d000360        0x8
 *(.vector_44)
 .vector_44     0x000000009d000360        0x8 /tmp/ccpMPiCy.o
                0x0000000000000001                ASSERT (((_vector_spacing == 0x0) || (SIZEOF (.vector_44) <= (_vector_spacing << 0x3))), function at exception vector 44 too large)

.vector_45      0x000000009d000368        0x8
 *(.vector_45)
 .vector_45     0x000000009d000368        0x8 /tmp/ccpMPiCy.o
                0x0000000000000001                ASSERT (((_vector_spacing == 0x0) || (SIZEOF (.vector_45) <= (_vector_spacing << 0x3))), function at exception vector 45 too large)

.vector_46      0x000000009d000370        0x8
 *(.vector_46)
 .vector_46     0x000000009d000370        0x8 /tmp/ccpMPiCy.o
                0x0000000000000001                ASSERT (((_vector_spacing == 0x0) || (SIZEOF (.vector_46) <= (_vector_spacing << 0x3))), function at exception vector 46 too large)

.vector_47      0x000000009d000378        0x8
 *(.vector_47)
 .vector_47     0x000000009d000378        0x8 /tmp/ccpMPiCy.o
                0x0000000000000001                ASSERT (((_vector_spacing == 0x0) || (SIZEOF (.vector_47) <= (_vector_spacing << 0x3))), function at exception vector 47 too large)

.vector_48      0x000000009d000380        0x0
 *(.vector_48)
                0x0000000000000001                ASSERT (((_vector_spacing == 0x0) || (SIZEOF (.vector_48) <= (_vector_spacing << 0x3))), function at exception vector 48 too large)

.vector_49      0x000000009d000388        0x0
 *(.vector_49)
                0x0000000000000001                ASSERT (((_vector_spacing == 0x0) || (SIZEOF (.vector_49) <= (_vector_spacing << 0x3))), function at exception vector 49 too large)

.vector_50      0x000000009d000390        0x0
 *(.vector_50)
                0x0000000000000001                ASSERT (((_vector_spacing == 0x0) || (SIZEOF (.vector_50) <= (_vector_spacing << 0x3))), function at exception vector 50 too large)

.vector_51      0x000000009d000398        0x0
 *(.vector_51)
                0x0000000000000001                ASSERT (((_vector_spacing == 0x0) || (SIZEOF (.vector_51) <= (_vector_spacing << 0x3))), function at exception vector 51 too large)

.vector_52      0x000000009d0003a0        0x0
 *(.vector_52)
                0x0000000000000001                ASSERT (((_vector_spacing == 0x0) || (SIZEOF (.vector_52) <= (_vector_spacing << 0x3))), function at exception vector 52 too large)

.vector_53      0x000000009d0003a8        0x0
 *(.vector_53)
                0x0000000000000001                ASSERT (((_vector_spacing == 0x0) || (SIZEOF (.vector_53) <= (_vector_spacing << 0x3))), function at exception vector 53 too large)

.vector_54      0x000000009d0003b0        0x0
 *(.vector_54)
                0x0000000000000001                ASSERT (((_vector_spacing == 0x0) || (SIZEOF (.vector_54) <= (_vector_spacing << 0x3))), function at exception vector 54 too large)

.vector_55      0x000000009d0003b8        0x0
 *(.vector_55)
                0x0000000000000001                ASSERT (((_vector_spacing == 0x0) || (SIZEOF (.vector_55) <= (_vector_spacing << 0x3))), function at exception vector 55 too large)

.vector_56      0x000000009d0003c0        0x0
 *(.vector_56)
                0x0000000000000001                ASSERT (((_vector_spacing == 0x0) || (SIZEOF (.vector_56) <= (_vector_spacing << 0x3))), function at exception vector 56 too large)

.vector_57      0x000000009d0003c8        0x0
 *(.vector_57)
                0x0000000000000001                ASSERT (((_vector_spacing == 0x0) || (SIZEOF (.vector_57) <= (_vector_spacing << 0x3))), function at exception vector 57 too large)

.vector_58      0x000000009d0003d0        0x0
 *(.vector_58)
                0x0000000000000001                ASSERT (((_vector_spacing == 0x0) || (SIZEOF (.vector_58) <= (_vector_spacing << 0x3))), function at exception vector 58 too large)

.vector_59      0x000000009d0003d8        0x0
 *(.vector_59)
                0x0000000000000001                ASSERT (((_vector_spacing == 0x0) || (SIZEOF (.vector_59) <= (_vector_spacing << 0x3))), function at exception vector 59 too large)

.vector_60      0x000000009d0003e0        0x0
 *(.vector_60)
                0x0000000000000001                ASSERT (((_vector_spacing == 0x0) || (SIZEOF (.vector_60) <= (_vector_spacing << 0x3))), function at exception vector 60 too large)

.vector_61      0x000000009d0003e8        0x0
 *(.vector_61)
                0x0000000000000001                ASSERT (((_vector_spacing == 0x0) || (SIZEOF (.vector_61) <= (_vector_spacing << 0x3))), function at exception vector 61 too large)

.vector_62      0x000000009d0003f0        0x0
 *(.vector_62)
                0x0000000000000001                ASSERT (((_vector_spacing == 0x0) || (SIZEOF (.vector_62) <= (_vector_spacing << 0x3))), function at exception vector 62 too large)

.vector_63      0x000000009d0003f8        0x0
 *(.vector_63)
                0x0000000000000001                ASSERT (((_vector_spacing == 0x0) || (SIZEOF (.vector_63) <= (_vector_spacing << 0x3))), function at exception vector 63 too large)

.vector_64      0x000000009d000400        0x0
 *(.vector_64)
                0x0000000000000001                ASSERT (((_vector_spacing == 0x0) || (SIZEOF (.vector_64) <= (_vector_spacing << 0x3))), function at exception vector 64 too large)

.vector_65      0x000000009d000408        0x0
 *(.vector_65)
                0x0000000000000001                ASSERT (((_vector_spacing == 0x0) || (SIZEOF (.vector_65) <= (_vector_spacing << 0x3))), function at exception vector 65 too large)

.vector_66      0x000000009d000410        0x0
 *(.vector_66)
                0x0000000000000001                ASSERT (((_vector_spacing == 0x0) || (SIZEOF (.vector_66) <= (_vector_spacing << 0x3))), function at exception vector 66 too large)

.vector_67      0x000000009d000418        0x0
 *(.vector_67)
                0x0000000000000001                ASSERT (((_vector_spacing == 0x0) || (SIZEOF (.vector_67) <= (_vector_spacing << 0x3))), function at exception vector 67 too large)

.vector_68      0x000000009d000420        0x0
 *(.vector_68)
                0x0000000000000001                ASSERT (((_vector_spacing == 0x0) || (SIZEOF (.vector_68) <= (_vector_spacing << 0x3))), function at exception vector 68 too large)

.vector_69      0x000000009d000428        0x0
 *(.vector_69)
                0x0000000000000001                ASSERT (((_vector_spacing == 0x0) || (SIZEOF (.vector_69) <= (_vector_spacing << 0x3))), function at exception vector 69 too large)

.vector_70      0x000000009d000430        0x0
 *(.vector_70)
                0x0000000000000001                ASSERT (((_vector_spacing == 0x0) || (SIZEOF (.vector_70) <= (_vector_spacing << 0x3))), function at exception vector 70 too large)

.vector_71      0x000000009d000438        0x0
 *(.vector_71)
                0x0000000000000001                ASSERT (((_vector_spacing == 0x0) || (SIZEOF (.vector_71) <= (_vector_spacing << 0x3))), function at exception vector 71 too large)

.vector_72      0x000000009d000440        0x0
 *(.vector_72)
                0x0000000000000001                ASSERT (((_vector_spacing == 0x0) || (SIZEOF (.vector_72) <= (_vector_spacing << 0x3))), function at exception vector 72 too large)

.vector_73      0x000000009d000448        0x0
 *(.vector_73)
                0x0000000000000001                ASSERT (((_vector_spacing == 0x0) || (SIZEOF (.vector_73) <= (_vector_spacing << 0x3))), function at exception vector 73 too large)

.vector_74      0x000000009d000450        0x0
 *(.vector_74)
                0x0000000000000001                ASSERT (((_vector_spacing == 0x0) || (SIZEOF (.vector_74) <= (_vector_spacing << 0x3))), function at exception vector 74 too large)

.vector_75      0x000000009d000458        0x0
 *(.vector_75)
                0x0000000000000001                ASSERT (((_vector_spacing == 0x0) || (SIZEOF (.vector_75) <= (_vector_spacing << 0x3))), function at exception vector 75 too large)

.vector_76      0x000000009d000460        0x0
 *(.vector_76)
                0x0000000000000001                ASSERT (((_vector_spacing == 0x0) || (SIZEOF (.vector_76) <= (_vector_spacing << 0x3))), function at exception vector 76 too large)

.vector_77      0x000000009d000468        0x0
 *(.vector_77)
                0x0000000000000001                ASSERT (((_vector_spacing == 0x0) || (SIZEOF (.vector_77) <= (_vector_spacing << 0x3))), function at exception vector 77 too large)

.vector_78      0x000000009d000470        0x0
 *(.vector_78)
                0x0000000000000001                ASSERT (((_vector_spacing == 0x0) || (SIZEOF (.vector_78) <= (_vector_spacing << 0x3))), function at exception vector 78 too large)

.vector_79      0x000000009d000478        0x0
 *(.vector_79)
                0x0000000000000001                ASSERT (((_vector_spacing == 0x0) || (SIZEOF (.vector_79) <= (_vector_spacing << 0x3))), function at exception vector 79 too large)

.vector_80      0x000000009d000480        0x0
 *(.vector_80)
                0x0000000000000001                ASSERT (((_vector_spacing == 0x0) || (SIZEOF (.vector_80) <= (_vector_spacing << 0x3))), function at exception vector 80 too large)

.vector_81      0x000000009d000488        0x0
 *(.vector_81)
                0x0000000000000001                ASSERT (((_vector_spacing == 0x0) || (SIZEOF (.vector_81) <= (_vector_spacing << 0x3))), function at exception vector 81 too large)

.vector_82      0x000000009d000490        0x0
 *(.vector_82)
                0x0000000000000001                ASSERT (((_vector_spacing == 0x0) || (SIZEOF (.vector_82) <= (_vector_spacing << 0x3))), function at exception vector 82 too large)

.vector_83      0x000000009d000498        0x0
 *(.vector_83)
                0x0000000000000001                ASSERT (((_vector_spacing == 0x0) || (SIZEOF (.vector_83) <= (_vector_spacing << 0x3))), function at exception vector 83 too large)

.vector_84      0x000000009d0004a0        0x0
 *(.vector_84)
                0x0000000000000001                ASSERT (((_vector_spacing == 0x0) || (SIZEOF (.vector_84) <= (_vector_spacing << 0x3))), function at exception vector 84 too large)

.vector_85      0x000000009d0004a8        0x0
 *(.vector_85)
                0x0000000000000001                ASSERT (((_vector_spacing == 0x0) || (SIZEOF (.vector_85) <= (_vector_spacing << 0x3))), function at exception vector 85 too large)

.vector_86      0x000000009d0004b0        0x0
 *(.vector_86)
                0x0000000000000001                ASSERT (((_vector_spacing == 0x0) || (SIZEOF (.vector_86) <= (_vector_spacing << 0x3))), function at exception vector 86 too large)

.vector_87      0x000000009d0004b8        0x0
 *(.vector_87)
                0x0000000000000001                ASSERT (((_vector_spacing == 0x0) || (SIZEOF (.vector_87) <= (_vector_spacing << 0x3))), function at exception vector 87 too large)

.vector_88      0x000000009d0004c0        0x0
 *(.vector_88)
                0x0000000000000001                ASSERT (((_vector_spacing == 0x0) || (SIZEOF (.vector_88) <= (_vector_spacing << 0x3))), function at exception vector 88 too large)

.vector_89      0x000000009d0004c8        0x0
 *(.vector_89)
                0x0000000000000001                ASSERT (((_vector_spacing == 0x0) || (SIZEOF (.vector_89) <= (_vector_spacing << 0x3))), function at exception vector 89 too large)

.vector_90      0x000000009d0004d0        0x0
 *(.vector_90)
                0x0000000000000001                ASSERT (((_vector_spacing == 0x0) || (SIZEOF (.vector_90) <= (_vector_spacing << 0x3))), function at exception vector 90 too large)

.vector_91      0x000000009d0004d8        0x0
 *(.vector_91)
                0x0000000000000001                ASSERT (((_vector_spacing == 0x0) || (SIZEOF (.vector_91) <= (_vector_spacing << 0x3))), function at exception vector 91 too large)

.vector_92      0x000000009d0004e0        0x0
 *(.vector_92)
                0x0000000000000001                ASSERT (((_vector_spacing == 0x0) || (SIZEOF (.vector_92) <= (_vector_spacing << 0x3))), function at exception vector 92 too large)

.vector_93      0x000000009d0004e8        0x0
 *(.vector_93)
                0x0000000000000001                ASSERT (((_vector_spacing == 0x0) || (SIZEOF (.vector_93) <= (_vector_spacing << 0x3))), function at exception vector 93 too large)

.vector_94      0x000000009d0004f0        0x0
 *(.vector_94)
                0x0000000000000001                ASSERT (((_vector_spacing == 0x0) || (SIZEOF (.vector_94) <= (_vector_spacing << 0x3))), function at exception vector 94 too large)

.vector_95      0x000000009d0004f8        0x0
 *(.vector_95)
                0x0000000000000001                ASSERT (((_vector_spacing == 0x0) || (SIZEOF (.vector_95) <= (_vector_spacing << 0x3))), function at exception vector 95 too large)

.vector_96      0x000000009d000500        0x0
 *(.vector_96)
                0x0000000000000001                ASSERT (((_vector_spacing == 0x0) || (SIZEOF (.vector_96) <= (_vector_spacing << 0x3))), function at exception vector 96 too large)

.vector_97      0x000000009d000508        0x0
 *(.vector_97)
                0x0000000000000001                ASSERT (((_vector_spacing == 0x0) || (SIZEOF (.vector_97) <= (_vector_spacing << 0x3))), function at exception vector 97 too large)

.vector_98      0x000000009d000510        0x0
 *(.vector_98)
                0x0000000000000001                ASSERT (((_vector_spacing == 0x0) || (SIZEOF (.vector_98) <= (_vector_spacing << 0x3))), function at exception vector 98 too large)

.vector_99      0x000000009d000518        0x0
 *(.vector_99)
                0x0000000000000001                ASSERT (((_vector_spacing == 0x0) || (SIZEOF (.vector_99) <= (_vector_spacing << 0x3))), function at exception vector 99 too large)

.vector_100     0x000000009d000520        0x0
 *(.vector_100)
                0x0000000000000001                ASSERT (((_vector_spacing == 0x0) || (SIZEOF (.vector_100) <= (_vector_spacing << 0x3))), function at exception vector 100 too large)

.vector_101     0x000000009d000528        0x0
 *(.vector_101)
                0x0000000000000001                ASSERT (((_vector_spacing == 0x0) || (SIZEOF (.vector_101) <= (_vector_spacing << 0x3))), function at exception vector 101 too large)

.startup
 *(.startup)

.text           0x000000009d000380     0x5be8
 *(.stub .gnu.linkonce.t.*)
 *(.text.*personality*)
 *(.mips16.fn.*)
 *(.mips16.call.*)
 *(.gnu.warning)
                0x000000009d000380                . = ALIGN (0x4)
 .text          0x000000009d000380      0x164 /usr/lib/gcc/mipsel-elf/10.1.0/../../../../mipsel-elf/lib/soft-float/micromips/libm.a(lib_a-w_pow.o)
                0x000000009d000381                pow
 .text          0x000000009d0004e4      0xacc /usr/lib/gcc/mipsel-elf/10.1.0/../../../../mipsel-elf/lib/soft-float/micromips/libm.a(lib_a-e_pow.o)
                0x000000009d0004e5                __ieee754_pow
 .text          0x000000009d000fb0      0x1a4 /usr/lib/gcc/mipsel-elf/10.1.0/../../../../mipsel-elf/lib/soft-float/micromips/libm.a(lib_a-e_sqrt.o)
                0x000000009d000fb1                __ieee754_sqrt
 .text          0x000000009d001154       0x14 /usr/lib/gcc/mipsel-elf/10.1.0/../../../../mipsel-elf/lib/soft-float/micromips/libm.a(lib_a-s_fabs.o)
                0x000000009d001155                fabs
 .text          0x000000009d001168       0x18 /usr/lib/gcc/mipsel-elf/10.1.0/../../../../mipsel-elf/lib/soft-float/micromips/libm.a(lib_a-s_finite.o)
                0x000000009d001169                finite
 .text          0x000000009d001180        0xc /usr/lib/gcc/mipsel-elf/10.1.0/../../../../mipsel-elf/lib/soft-float/micromips/libm.a(lib_a-s_nan.o)
                0x000000009d001181                nan
 .text          0x000000009d00118c      0x160 /usr/lib/gcc/mipsel-elf/10.1.0/../../../../mipsel-elf/lib/soft-float/micromips/libm.a(lib_a-s_rint.o)
                0x000000009d00118d                rint
 .text          0x000000009d0012ec      0x11c /usr/lib/gcc/mipsel-elf/10.1.0/../../../../mipsel-elf/lib/soft-float/micromips/libm.a(lib_a-s_scalbn.o)
                0x000000009d0012ed                scalbn
 .text          0x000000009d001408        0x8 /usr/lib/gcc/mipsel-elf/10.1.0/../../../../mipsel-elf/lib/soft-float/micromips/libc.a(lib_a-errno.o)
                0x000000009d001409                __errno
 .text          0x000000009d001410       0xd0 /usr/lib/gcc/mipsel-elf/10.1.0/../../../../mipsel-elf/lib/soft-float/micromips/libc.a(lib_a-memset.o)
                0x000000009d001411                memset
 .text          0x000000009d0014e0       0x80 /usr/lib/gcc/mipsel-elf/10.1.0/../../../../mipsel-elf/lib/soft-float/micromips/libc.a(lib_a-sprintf.o)
                0x000000009d0014e1                _siprintf_r
                0x000000009d0014e1                _sprintf_r
                0x000000009d00151d                sprintf
                0x000000009d00151d                siprintf
 .text          0x000000009d001560       0xa0 /usr/lib/gcc/mipsel-elf/10.1.0/../../../../mipsel-elf/lib/soft-float/micromips/libc.a(lib_a-sscanf.o)
                0x000000009d001561                sscanf
                0x000000009d001561                siscanf
                0x000000009d0015b1                _siscanf_r
                0x000000009d0015b1                _sscanf_r
 .text          0x000000009d001600       0x9c /usr/lib/gcc/mipsel-elf/10.1.0/../../../../mipsel-elf/lib/soft-float/micromips/libc.a(lib_a-stdio.o)
                0x000000009d001601                __sread
                0x000000009d00162d                __seofread
                0x000000009d001631                __swrite
                0x000000009d001669                __sseek
                0x000000009d001695                __sclose
 .text          0x000000009d00169c       0x10 /usr/lib/gcc/mipsel-elf/10.1.0/../../../../mipsel-elf/lib/soft-float/micromips/libc.a(lib_a-strlen.o)
                0x000000009d00169d                strlen
 .text          0x000000009d0016ac       0x28 /usr/lib/gcc/mipsel-elf/10.1.0/../../../../mipsel-elf/lib/soft-float/micromips/libc.a(lib_a-writer.o)
                0x000000009d0016ad                _write_r
 .text          0x000000009d0016d4       0x24 /usr/lib/gcc/mipsel-elf/10.1.0/../../../../mipsel-elf/lib/soft-float/micromips/libc.a(lib_a-closer.o)
                0x000000009d0016d5                _close_r
 .text          0x000000009d0016f8       0x28 /usr/lib/gcc/mipsel-elf/10.1.0/../../../../mipsel-elf/lib/soft-float/micromips/libc.a(lib_a-lseekr.o)
                0x000000009d0016f9                _lseek_r
 .text          0x000000009d001720      0x440 /usr/lib/gcc/mipsel-elf/10.1.0/../../../../mipsel-elf/lib/soft-float/micromips/libc.a(lib_a-nano-svfprintf.o)
                0x000000009d001721                __ssputs_r
                0x000000009d001801                __ssprint_r
                0x000000009d001921                _svfprintf_r
                0x000000009d001921                _svfiprintf_r
 .text          0x000000009d001b60      0x3b0 /usr/lib/gcc/mipsel-elf/10.1.0/../../../../mipsel-elf/lib/soft-float/micromips/libc.a(lib_a-nano-svfscanf.o)
                0x000000009d001b61                _sungetc_r
                0x000000009d001bf1                __ssrefill_r
                0x000000009d001c31                __ssvfscanf_r
                0x000000009d001c31                __ssvfiscanf_r
 .text          0x000000009d001f10      0x33c /usr/lib/gcc/mipsel-elf/10.1.0/../../../../mipsel-elf/lib/soft-float/micromips/libc.a(lib_a-nano-vfprintf_i.o)
                0x000000009d001f11                _printf_common
                0x000000009d002005                _printf_i
 .text          0x000000009d00224c      0x338 /usr/lib/gcc/mipsel-elf/10.1.0/../../../../mipsel-elf/lib/soft-float/micromips/libc.a(lib_a-nano-vfscanf_i.o)
                0x000000009d00224d                _scanf_chars
                0x000000009d002325                _scanf_i
 .text          0x000000009d002584       0x28 /usr/lib/gcc/mipsel-elf/10.1.0/../../../../mipsel-elf/lib/soft-float/micromips/libc.a(lib_a-readr.o)
                0x000000009d002585                _read_r
 .text          0x000000009d0025ac      0x3c0 /usr/lib/gcc/mipsel-elf/10.1.0/../../../../mipsel-elf/lib/soft-float/micromips/libc.a(lib_a-reallocr.o)
                0x000000009d0025ad                _realloc_r
 .text          0x000000009d00296c       0xa0 /usr/lib/gcc/mipsel-elf/10.1.0/../../../../mipsel-elf/lib/soft-float/micromips/libc.a(lib_a-sccl.o)
                0x000000009d00296d                __sccl
 .text          0x000000009d002a0c      0x18c /usr/lib/gcc/mipsel-elf/10.1.0/../../../../mipsel-elf/lib/soft-float/micromips/libc.a(lib_a-strtol.o)
                0x000000009d002b71                _strtol_r
                0x000000009d002b79                strtol_l
                0x000000009d002b89                strtol
 .text          0x000000009d002b98      0x15c /usr/lib/gcc/mipsel-elf/10.1.0/../../../../mipsel-elf/lib/soft-float/micromips/libc.a(lib_a-strtoul.o)
                0x000000009d002ccd                _strtoul_r
                0x000000009d002cd5                strtoul_l
                0x000000009d002ce5                strtoul
 .text          0x000000009d002cf4      0x17c /usr/lib/gcc/mipsel-elf/10.1.0/../../../../mipsel-elf/lib/soft-float/micromips/libc.a(lib_a-ungetc.o)
                0x000000009d002cf5                __submore
                0x000000009d002d6d                _ungetc_r
                0x000000009d002e65                ungetc
 .text          0x000000009d002e70      0x198 /usr/lib/gcc/mipsel-elf/10.1.0/../../../../mipsel-elf/lib/soft-float/micromips/libc.a(lib_a-fflush.o)
                0x000000009d002e71                __sflush_r
                0x000000009d002fc1                _fflush_r
                0x000000009d002fed                fflush
 .text          0x000000009d003008      0x1ac /usr/lib/gcc/mipsel-elf/10.1.0/../../../../mipsel-elf/lib/soft-float/micromips/libc.a(lib_a-findfp.o)
                0x000000009d003065                _cleanup_r
                0x000000009d003075                __sfmoreglue
                0x000000009d0030a9                _cleanup
                0x000000009d0030b1                __sinit
                0x000000009d003101                __sfp
                0x000000009d003185                __sfp_lock_acquire
                0x000000009d003189                __sfp_lock_release
                0x000000009d00318d                __sinit_lock_acquire
                0x000000009d003191                __sinit_lock_release
                0x000000009d003195                __fp_lock_all
                0x000000009d0031a5                __fp_unlock_all
 .text          0x000000009d0031b4      0x264 /usr/lib/gcc/mipsel-elf/10.1.0/../../../../mipsel-elf/lib/soft-float/micromips/libc.a(lib_a-freer.o)
                0x000000009d0031b5                _malloc_trim_r
                0x000000009d003269                _free_r
 .text          0x000000009d003418       0xa4 /usr/lib/gcc/mipsel-elf/10.1.0/../../../../mipsel-elf/lib/soft-float/micromips/libc.a(lib_a-fwalk.o)
                0x000000009d003419                _fwalk
                0x000000009d003469                _fwalk_reent
 .text          0x000000009d0034bc      0x504 /usr/lib/gcc/mipsel-elf/10.1.0/../../../../mipsel-elf/lib/soft-float/micromips/libc.a(lib_a-mallocr.o)
                0x000000009d0034bd                _malloc_r
 .text          0x000000009d0039c0       0x1c /usr/lib/gcc/mipsel-elf/10.1.0/../../../../mipsel-elf/lib/soft-float/micromips/libc.a(lib_a-memchr.o)
                0x000000009d0039c1                memchr
 .text          0x000000009d0039dc      0x324 /usr/lib/gcc/mipsel-elf/10.1.0/../../../../mipsel-elf/lib/soft-float/micromips/libc.a(lib_a-memcpy.o)
                0x000000009d0039dd                memcpy
 .text          0x000000009d003d00       0x40 /usr/lib/gcc/mipsel-elf/10.1.0/../../../../mipsel-elf/lib/soft-float/micromips/libc.a(lib_a-memmove.o)
                0x000000009d003d01                memmove
 .text          0x000000009d003d40        0x8 /usr/lib/gcc/mipsel-elf/10.1.0/../../../../mipsel-elf/lib/soft-float/micromips/libc.a(lib_a-mlock.o)
                0x000000009d003d41                __malloc_lock
                0x000000009d003d45                __malloc_unlock
 .text          0x000000009d003d48       0x24 /usr/lib/gcc/mipsel-elf/10.1.0/../../../../mipsel-elf/lib/soft-float/micromips/libc.a(lib_a-sbrkr.o)
                0x000000009d003d49                _sbrk_r
 .text          0x000000009d003d6c       0x9c /usr/lib/gcc/mipsel-elf/10.1.0/../../../../mipsel-elf/lib/soft-float/micromips/libc.a(lib_a-fclose.o)
                0x000000009d003d6d                _fclose_r
                0x000000009d003dfd                fclose
 .text          0x000000009d003e08      0x3e4 /usr/lib/gcc/mipsel-elf/10.1.0/soft-float/micromips/libgcc.a(_udivdi3.o)
                0x000000009d003e09                __udivdi3
 .text          0x000000009d0041ec      0x2a8 /usr/lib/gcc/mipsel-elf/10.1.0/soft-float/micromips/libgcc.a(divsf3.o)
                0x000000009d0041ed                __divsf3
 .text          0x000000009d004494       0x54 /usr/lib/gcc/mipsel-elf/10.1.0/soft-float/micromips/libgcc.a(fixunssfsi.o)
                0x000000009d004495                __fixunssfsi
 .text          0x000000009d0044e8       0xac /usr/lib/gcc/mipsel-elf/10.1.0/soft-float/micromips/libgcc.a(floatunsisf.o)
                0x000000009d0044e9                __floatunsisf
 .text          0x000000009d004594      0x654 /usr/lib/gcc/mipsel-elf/10.1.0/soft-float/micromips/libgcc.a(adddf3.o)
                0x000000009d004595                __adddf3
 .text          0x000000009d004be8      0x580 /usr/lib/gcc/mipsel-elf/10.1.0/soft-float/micromips/libgcc.a(divdf3.o)
                0x000000009d004be9                __divdf3
 .text          0x000000009d005168       0x78 /usr/lib/gcc/mipsel-elf/10.1.0/soft-float/micromips/libgcc.a(eqdf2.o)
                0x000000009d005169                __eqdf2
                0x000000009d005169                __nedf2
 .text          0x000000009d0051e0       0xd8 /usr/lib/gcc/mipsel-elf/10.1.0/soft-float/micromips/libgcc.a(gedf2.o)
                0x000000009d0051e1                __gtdf2
                0x000000009d0051e1                __gedf2
 .text          0x000000009d0052b8       0xd4 /usr/lib/gcc/mipsel-elf/10.1.0/soft-float/micromips/libgcc.a(ledf2.o)
                0x000000009d0052b9                __ltdf2
                0x000000009d0052b9                __ledf2
 .text          0x000000009d00538c      0x3c8 /usr/lib/gcc/mipsel-elf/10.1.0/soft-float/micromips/libgcc.a(muldf3.o)
                0x000000009d00538d                __muldf3
 .text          0x000000009d005754      0x680 /usr/lib/gcc/mipsel-elf/10.1.0/soft-float/micromips/libgcc.a(subdf3.o)
                0x000000009d005755                __subdf3
 .text          0x000000009d005dd4       0x44 /usr/lib/gcc/mipsel-elf/10.1.0/soft-float/micromips/libgcc.a(unorddf2.o)
                0x000000009d005dd5                __unorddf2
 .text          0x000000009d005e18       0x64 /usr/lib/gcc/mipsel-elf/10.1.0/soft-float/micromips/libgcc.a(fixunsdfsi.o)
                0x000000009d005e19                __fixunsdfsi
 .text          0x000000009d005e7c       0x90 /usr/lib/gcc/mipsel-elf/10.1.0/soft-float/micromips/libgcc.a(floatsidf.o)
                0x000000009d005e7d                __floatsidf
 .text          0x000000009d005f0c       0x40 /usr/lib/gcc/mipsel-elf/10.1.0/soft-float/micromips/libgcc.a(_clzsi2.o)
                0x000000009d005f0d                __clzsi2
 .text          0x000000009d005f4c       0x1c /usr/lib/gcc/mipsel-elf/10.1.0/../../../../mipsel-elf/lib/soft-float/micromips/libnosys.a(sbrk.o)
                0x000000009d005f4d                sbrk

.text.setup     0x000000009d005f68       0xcc
 .text.setup    0x000000009d005f68       0xcc build/main.o
                0x000000009d005f69                setup

.text.rssiSniffer
                0x000000009d006034       0xcc
 .text.rssiSniffer
                0x000000009d006034       0xcc build/main.o
                0x000000009d006035                rssiSniffer

.text.tryCapture
                0x000000009d006100      0x284
 .text.tryCapture
                0x000000009d006100      0x284 build/main.o
                0x000000009d006101                tryCapture

.text.sendPacket
                0x000000009d006384      0x30c
 .text.sendPacket
                0x000000009d006384      0x30c build/main.o
                0x000000009d006385                sendPacket

.text.printDebug
                0x000000009d006690      0x114
 .text.printDebug
                0x000000009d006690      0x114 build/main.o
                0x000000009d006691                printDebug

.text.startup.main
                0x000000009d0067a4      0x648
 .text.startup.main
                0x000000009d0067a4      0x648 build/main.o
                0x000000009d0067a5                main

.text.__DoNothing
                0x000000009d006dec       0x3c
 .text.__DoNothing
                0x000000009d006dec       0x3c build/interrupt.o
                0x000000009d006ded                ETHInterrupt
                0x000000009d006ded                Comparator3Interrupt
                0x000000009d006ded                External0Interrupt
                0x000000009d006ded                UART5RxInterrupt
                0x000000009d006ded                UART1FaultInterrupt
                0x000000009d006ded                ADCData39Interrupt
                0x000000009d006ded                UART1TxInterrupt
                0x000000009d006ded                UART6_UART2B_SharedInterrupt
                0x000000009d006ded                ADCData17Interrupt
                0x000000009d006ded                UART3ErrorInterrupt
                0x000000009d006ded                ADCData12Interrupt
                0x000000009d006ded                ADCData19Interrupt
                0x000000009d006ded                I2C1MasterInterrupt
                0x000000009d006ded                ADCDF5Interrupt
                0x000000009d006ded                ADCData43Interrupt
                0x000000009d006ded                ADCData8Interrupt
                0x000000009d006ded                UART5_UART3B_SharedInterrupt
                0x000000009d006ded                CCT7Interrupt
                0x000000009d006ded                CCP4Interrupt
                0x000000009d006ded                CCT1Interrupt
                0x000000009d006ded                I2C5_SPI4_UART2_SharedInterrupt
                0x000000009d006ded                InputCapture6ErrorInterrupt
                0x000000009d006ded                SPI1FaultInterrupt
                0x000000009d006ded                ADCData40Interrupt
                0x000000009d006ded                External2Interrupt
                0x000000009d006ded                CoreSoftware0Interrupt
                0x000000009d006ded                InputCapture9Interrupt
                0x000000009d006ded                CAN2Interrupt
                0x000000009d006ded                ADCData5Interrupt
                0x000000009d006ded                ADCData34Interrupt
                0x000000009d006ded                InputCapture4Interrupt
                0x000000009d006ded                ADCDF1Interrupt
                0x000000009d006ded                SPI5RxInterrupt
                0x000000009d006ded                CCP5Interrupt
                0x000000009d006ded                CCT2Interrupt
                0x000000009d006ded                ADC1WARMInterrupt
                0x000000009d006ded                CCP7Interrupt
                0x000000009d006ded                CCT4Interrupt
                0x000000009d006ded                ChangeNoticeKInterrupt
                0x000000009d006ded                ADCDF6Interrupt
                0x000000009d006ded                I2C1SlaveInterrupt
                0x000000009d006ded                ADCInterrupt
                0x000000009d006ded                CCP6Interrupt
                0x000000009d006ded                CCT3Interrupt
                0x000000009d006ded                Timer9Interrupt
                0x000000009d006ded                ADCDC3Interrupt
                0x000000009d006ded                CCT8Interrupt
                0x000000009d006ded                ADCData28Interrupt
                0x000000009d006ded                UART2ErrorInterrupt
                0x000000009d006ded                HLVDInterrupt
                0x000000009d006ded                DMA3Interrupt
                0x000000009d006ded                I2C2SlaveInterrupt
                0x000000009d006ded                UART3FaultInterrupt
                0x000000009d006ded                ADCData26Interrupt
                0x000000009d006ded                External4Interrupt
                0x000000009d006ded                I2C3BusInterrupt
                0x000000009d006ded                DMA2Interrupt
                0x000000009d006ded                CLC1Interrupt
                0x000000009d006ded                SPI1Interrupt
                0x000000009d006ded                ADCDC2Interrupt
                0x000000009d006ded                ADCData32Interrupt
                0x000000009d006ded                InputCapture3ErrorInterrupt
                0x000000009d006ded                PMPInterrupt
                0x000000009d006ded                UART4RxInterrupt
                0x000000009d006ded                ADCData33Interrupt
                0x000000009d006ded                SystemBusProtectionInterrupt
                0x000000009d006ded                ADC0WARMInterrupt
                0x000000009d006ded                I2C5MasterInterrupt
                0x000000009d006ded                ADCData0Interrupt
                0x000000009d006ded                UART3Interrupt
                0x000000009d006ded                SPI2RxInterrupt
                0x000000009d006ded                ChangeNoticeInterrupt
                0x000000009d006ded                ADCDC5Interrupt
                0x000000009d006ded                USBDMAInterrupt
                0x000000009d006ded                UART4TxInterrupt
                0x000000009d006ded                SPI6TxInterrupt
                0x000000009d006ded                I2C4MasterInterrupt
                0x000000009d006ded                InputCapture2ErrorInterrupt
                0x000000009d006ded                InputCapture7ErrorInterrupt
                0x000000009d006ded                RTCCInterrupt
                0x000000009d006ded                ADCDC6Interrupt
                0x000000009d006ded                ADCData23Interrupt
                0x000000009d006ded                InputCapture1Interrupt
                0x000000009d006ded                SPI4TxInterrupt
                0x000000009d006ded                PrefetchInterrupt
                0x000000009d006ded                CCP2Interrupt
                0x000000009d006ded                ADCData6Interrupt
                0x000000009d006ded                SPI1TxInterrupt
                0x000000009d006ded                Timer8Interrupt
                0x000000009d006ded                ADCData35Interrupt
                0x000000009d006ded                CoreSoftware1Interrupt
                0x000000009d006ded                SPI4RxInterrupt
                0x000000009d006ded                ChangeNoticeJInterrupt
                0x000000009d006ded                UART2Interrupt
                0x000000009d006ded                ADCData27Interrupt
                0x000000009d006ded                UART1Interrupt
                0x000000009d006ded                ADCData16Interrupt
                0x000000009d006ded                SPI3ErrorInterrupt
                0x000000009d006ded                UART5TxInterrupt
                0x000000009d006ded                I2C2MasterInterrupt
                0x000000009d006ded                UART2FaultInterrupt
                0x000000009d006ded                UART4_UART1B_SharedInterrupt
                0x000000009d006ded                ADCData44Interrupt
                0x000000009d006ded                ADCData24Interrupt
                0x000000009d006ded                ADCEARLYInterrupt
                0x000000009d006ded                ADC4EARLYInterrupt
                0x000000009d006ded                ADCData11Interrupt
                0x000000009d006ded                SPI5FaultInterrupt
                0x000000009d006ded                UART3TxInterrupt
                0x000000009d006ded                ADCData38Interrupt
                0x000000009d006ded                ADCData1Interrupt
                0x000000009d006ded                I2C3_SPI3_UART1_SharedInterrupt
                0x000000009d006ded                FlashControlInterrupt
                0x000000009d006ded                ADCDF3Interrupt
                0x000000009d006ded                Comparator1Interrupt
                0x000000009d006ded                ADCDC4Interrupt
                0x000000009d006ded                ADCData21Interrupt
                0x000000009d006ded                I2C3SlaveInterrupt
                0x000000009d006ded                Timer7Interrupt
                0x000000009d006ded                OutputCompare1Interrupt
                0x000000009d006ded                CryptoInterrupt
                0x000000009d006ded                OutputCompare4Interrupt
                0x000000009d006ded                I2C4BusInterrupt
                0x000000009d006ded                I2C4_SPI2_UART3_SharedInterrupt
                0x000000009d006ded                NVMInterrupt
                0x000000009d006ded                OutputCompare3Interrupt
                0x000000009d006ded                External1Interrupt
                0x000000009d006ded                ADC0EARLYInterrupt
                0x000000009d006ded                CCP3Interrupt
                0x000000009d006ded                ADC7EARLYInterrupt
                0x000000009d006ded                SPI2FaultInterrupt
                0x000000009d006ded                ADCFaultInterrupt
                0x000000009d006ded                ADCData9Interrupt
                0x000000009d006ded                InputCapture9ErrorInterrupt
                0x000000009d006ded                ADCData41Interrupt
                0x000000009d006ded                OutputCompare2Interrupt
                0x000000009d006ded                I2C3MasterInterrupt
                0x000000009d006ded                DCOTuneInterrupt
                0x000000009d006ded                ADCData7Interrupt
                0x000000009d006ded                ADC2EARLYInterrupt
                0x000000009d006ded                ADCData15Interrupt
                0x000000009d006ded                ADC7WARMInterrupt
                0x000000009d006ded                I2C2BusInterrupt
                0x000000009d006ded                SPI5TxInterrupt
                0x000000009d006ded                Timer1Interrupt
                0x000000009d006ded                Timer4Interrupt
                0x000000009d006ded                DMA1Interrupt
                0x000000009d006ded                __DoNothing
                0x000000009d006ded                SPI3FaultInterrupt
                0x000000009d006ded                Timer2Interrupt
                0x000000009d006ded                I2C4SlaveInterrupt
                0x000000009d006ded                SPI1ErrorInterrupt
                0x000000009d006ded                InputCapture5ErrorInterrupt
                0x000000009d006ded                USB1Interrupt
                0x000000009d006ded                ADCFIFOInterrupt
                0x000000009d006ded                ChangeNoticeCInterrupt
                0x000000009d006ded                ChangeNoticeEInterrupt
                0x000000009d006ded                ADCData18Interrupt
                0x000000009d006ded                UART1RxInterrupt
                0x000000009d006ded                Timer6Interrupt
                0x000000009d006ded                ADCData14Interrupt
                0x000000009d006ded                OutputCompare8Interrupt
                0x000000009d006ded                I2C1Interrupt
                0x000000009d006ded                CLC2Interrupt
                0x000000009d006ded                SPI2Interrupt
                0x000000009d006ded                DMA5Interrupt
                0x000000009d006ded                ADCURDYInterrupt
                0x000000009d006ded                CoreTimerInterrupt
                0x000000009d006ded                I2C1BusInterrupt
                0x000000009d006ded                UART4Interrupt
                0x000000009d006ded                ADCData10Interrupt
                0x000000009d006ded                SPI6FaultInterrupt
                0x000000009d006ded                ADCData37Interrupt
                0x000000009d006ded                CCT9Interrupt
                0x000000009d006ded                InputCapture8Interrupt
                0x000000009d006ded                ADCData29Interrupt
                0x000000009d006ded                OutputCompare5Interrupt
                0x000000009d006ded                InputCapture6Interrupt
                0x000000009d006ded                UART6RxInterrupt
                0x000000009d006ded                UART5FaultInterrupt
                0x000000009d006ded                ADC4WARMInterrupt
                0x000000009d006ded                ChangeNoticeHInterrupt
                0x000000009d006ded                SPI6RxInterrupt
                0x000000009d006ded                InputCapture5Interrupt
                0x000000009d006ded                ADCData20Interrupt
                0x000000009d006ded                I2C5BusInterrupt
                0x000000009d006ded                InputCapture4ErrorInterrupt
                0x000000009d006ded                Comparator2Interrupt
                0x000000009d006ded                UART2TxInterrupt
                0x000000009d006ded                ADCData31Interrupt
                0x000000009d006ded                I2C5SlaveInterrupt
                0x000000009d006ded                DMA0Interrupt
                0x000000009d006ded                InputCapture1ErrorInterrupt
                0x000000009d006ded                PerformanceCounterInterrupt
                0x000000009d006ded                InputCapture2Interrupt
                0x000000009d006ded                DMA7Interrupt
                0x000000009d006ded                ChangeNoticeDInterrupt
                0x000000009d006ded                ADCData42Interrupt
                0x000000009d006ded                ADCData13Interrupt
                0x000000009d006ded                FRCTuneInterrupt
                0x000000009d006ded                UART1ErrorInterrupt
                0x000000009d006ded                FastDebugChannelInterrupt
                0x000000009d006ded                OutputCompare9Interrupt
                0x000000009d006ded                ChangeNoticeBInterrupt
                0x000000009d006ded                ETHERNETInterrupt
                0x000000009d006ded                ADCDF2Interrupt
                0x000000009d006ded                ADCARDYInterrupt
                0x000000009d006ded                ADC1EARLYInterrupt
                0x000000009d006ded                CAN1Interrupt
                0x000000009d006ded                ECCSingleBitErrorInterrupt
                0x000000009d006ded                SPI4FaultInterrupt
                0x000000009d006ded                ADCData36Interrupt
                0x000000009d006ded                ADCDF4Interrupt
                0x000000009d006ded                ADCData4Interrupt
                0x000000009d006ded                CTMUInterrupt
                0x000000009d006ded                CLC3Interrupt
                0x000000009d006ded                SPI3Interrupt
                0x000000009d006ded                FCEInterrupt
                0x000000009d006ded                ADCData22Interrupt
                0x000000009d006ded                ADC2WARMInterrupt
                0x000000009d006ded                I2C2Interrupt
                0x000000009d006ded                OutputCompare7Interrupt
                0x000000009d006ded                ChangeNoticeFInterrupt
                0x000000009d006ded                ADCData25Interrupt
                0x000000009d006ded                ADC3EARLYInterrupt
                0x000000009d006ded                ADC3WARMInterrupt
                0x000000009d006ded                CCP8Interrupt
                0x000000009d006ded                CCT5Interrupt
                0x000000009d006ded                SPI3TxInterrupt
                0x000000009d006ded                UART6FaultInterrupt
                0x000000009d006ded                UART5Interrupt
                0x000000009d006ded                UART3RxInterrupt
                0x000000009d006ded                CCP1Interrupt
                0x000000009d006ded                UART6TxInterrupt
                0x000000009d006ded                ADCEOSInterrupt
                0x000000009d006ded                ADCData3Interrupt
                0x000000009d006ded                SPI2ErrorInterrupt
                0x000000009d006ded                SPI3RxInterrupt
                0x000000009d006ded                USBInterrupt
                0x000000009d006ded                CCP9Interrupt
                0x000000009d006ded                CCT6Interrupt
                0x000000009d006ded                DMA6Interrupt
                0x000000009d006ded                ChangeNoticeGInterrupt
                0x000000009d006ded                ADCData2Interrupt
                0x000000009d006ded                ADCDC1Interrupt
                0x000000009d006ded                InputCapture8ErrorInterrupt
                0x000000009d006ded                DMA4Interrupt
                0x000000009d006ded                CRCInterrupt
                0x000000009d006ded                FailSafeMonitorInterrupt
                0x000000009d006ded                SPI2TxInterrupt
                0x000000009d006ded                PMPErrorInterrupt
                0x000000009d006ded                InputCapture3Interrupt
                0x000000009d006ded                External3Interrupt
                0x000000009d006ded                UART4FaultInterrupt
                0x000000009d006ded                InputCapture7Interrupt
                0x000000009d006ded                CLC4Interrupt
                0x000000009d006ded                SPI4Interrupt
                0x000000009d006ded                ChangeNoticeAInterrupt
                0x000000009d006ded                Timer5Interrupt
                0x000000009d006ded                Timer3Interrupt
                0x000000009d006ded                SQI1Interrupt
                0x000000009d006ded                SPI1RxInterrupt
                0x000000009d006ded                ADCData30Interrupt
                0x000000009d006ded                OutputCompare6Interrupt

.text.__DoNothingGenException
                0x000000009d006e28       0x28
 .text.__DoNothingGenException
                0x000000009d006e28       0x28 build/interrupt.o
                0x000000009d006e29                __DoNothingGenException
                0x000000009d006e29                _general_exception_handler

.text.close     0x000000009d006e50        0x4
 .text.close    0x000000009d006e50        0x4 build/syscalls.o
                0x000000009d006e51                close

.text.lseek     0x000000009d006e54        0x4
 .text.lseek    0x000000009d006e54        0x4 build/syscalls.o
                0x000000009d006e55                lseek

.text.read      0x000000009d006e58        0x4
 .text.read     0x000000009d006e58        0x4 build/syscalls.o
                0x000000009d006e59                read

.text.write     0x000000009d006e5c        0x4
 .text.write    0x000000009d006e5c        0x4 build/syscalls.o
                0x000000009d006e5d                write

.text.UART2RxInterrupt
                0x000000009d006e60       0xc4
 .text.UART2RxInterrupt
                0x000000009d006e60       0xc4 build/UARTDrv.o
                0x000000009d006e61                UART2RxInterrupt

.text.UARTDrv_Init
                0x000000009d006f24      0x1ec
 .text.UARTDrv_Init
                0x000000009d006f24      0x1ec build/UARTDrv.o
                0x000000009d006f25                UARTDrv_Init

.text.UARTDrv_SendBlocking
                0x000000009d007110       0x50
 .text.UARTDrv_SendBlocking
                0x000000009d007110       0x50 build/UARTDrv.o
                0x000000009d007111                UARTDrv_SendBlocking

.text.delayus   0x000000009d007160       0x38
 .text.delayus  0x000000009d007160       0x38 build/helper.o
                0x000000009d007161                delayus

.text.delayms   0x000000009d007198       0x34
 .text.delayms  0x000000009d007198       0x34 build/helper.o
                0x000000009d007199                delayms

.text.SPIDrv_Init
                0x000000009d0071cc      0x310
 .text.SPIDrv_Init
                0x000000009d0071cc      0x310 build/SPIDrv.o
                0x000000009d0071cd                SPIDrv_Init

.text.SPIDrv_SendBlocking
                0x000000009d0074dc       0x34
 .text.SPIDrv_SendBlocking
                0x000000009d0074dc       0x34 build/SPIDrv.o
                0x000000009d0074dd                SPIDrv_SendBlocking

.text.SPIDrv_SendReceiveBlocking
                0x000000009d007510       0x30
 .text.SPIDrv_SendReceiveBlocking
                0x000000009d007510       0x30 build/SPIDrv.o
                0x000000009d007511                SPIDrv_SendReceiveBlocking

.text.GPIODrv_initSpecialPin
                0x000000009d007540       0x24
 .text.GPIODrv_initSpecialPin
                0x000000009d007540       0x24 build/GPIODrv.o
                0x000000009d007541                GPIODrv_initSpecialPin

.text.GPIODrv_setSpecialPin
                0x000000009d007564       0x20
 .text.GPIODrv_setSpecialPin
                0x000000009d007564       0x20 build/GPIODrv.o
                0x000000009d007565                GPIODrv_setSpecialPin

.text.BTN_init  0x000000009d007584       0x34
 .text.BTN_init
                0x000000009d007584       0x34 build/BTN.o
                0x000000009d007585                BTN_init

.text.BTN_getStatus
                0x000000009d0075b8       0x14
 .text.BTN_getStatus
                0x000000009d0075b8       0x14 build/BTN.o
                0x000000009d0075b9                BTN_getStatus

.text.COMMS_helper_addToBuf
                0x000000009d0075cc       0x3c
 .text.COMMS_helper_addToBuf
                0x000000009d0075cc       0x3c build/COMMS.o
                0x000000009d0075cd                COMMS_helper_addToBuf

.text.COMMS_helper_dataLen
                0x000000009d007608       0x10
 .text.COMMS_helper_dataLen
                0x000000009d007608       0x10 build/COMMS.o
                0x000000009d007609                COMMS_helper_dataLen

.text.COMMS_helper_spaceLeft
                0x000000009d007618       0x14
 .text.COMMS_helper_spaceLeft
                0x000000009d007618       0x14 build/COMMS.o
                0x000000009d007619                COMMS_helper_spaceLeft

.text.COMMS_helper_getData
                0x000000009d00762c       0x38
 .text.COMMS_helper_getData
                0x000000009d00762c       0x38 build/COMMS.o
                0x000000009d00762d                COMMS_helper_getData

.text.COMMS_helper_dropAll
                0x000000009d007664        0xc
 .text.COMMS_helper_dropAll
                0x000000009d007664        0xc build/COMMS.o
                0x000000009d007665                COMMS_helper_dropAll

.text.COMMS_helper_charPresent
                0x000000009d007670       0x44
 .text.COMMS_helper_charPresent
                0x000000009d007670       0x44 build/COMMS.o
                0x000000009d007671                COMMS_helper_charPresent

.text.LED_init  0x000000009d0076b4       0x24
 .text.LED_init
                0x000000009d0076b4       0x24 build/LED.o
                0x000000009d0076b5                LED_init

.text.LED_setGreen
                0x000000009d0076d8       0x20
 .text.LED_setGreen
                0x000000009d0076d8       0x20 build/LED.o
                0x000000009d0076d9                LED_setGreen

.text.LED_setRed
                0x000000009d0076f8       0x20
 .text.LED_setRed
                0x000000009d0076f8       0x20 build/LED.o
                0x000000009d0076f9                LED_setRed

.text.RFM69_SetReg
                0x000000009d007718       0x34
 .text.RFM69_SetReg
                0x000000009d007718       0x34 build/RFM69.o
                0x000000009d007719                RFM69_SetReg

.text.RFM69_ReadReg
                0x000000009d00774c       0x38
 .text.RFM69_ReadReg
                0x000000009d00774c       0x38 build/RFM69.o
                0x000000009d00774d                RFM69_ReadReg

.text.RFM69_GetTemp
                0x000000009d007784      0x138
 .text.RFM69_GetTemp
                0x000000009d007784      0x138 build/RFM69.o
                0x000000009d007785                RFM69_GetTemp

.text.RFM69_GetRevision
                0x000000009d0078bc       0x40
 .text.RFM69_GetRevision
                0x000000009d0078bc       0x40 build/RFM69.o
                0x000000009d0078bd                RFM69_GetRevision

.text.RFM69_SetRfCarrierFreq
                0x000000009d0078fc       0x8c
 .text.RFM69_SetRfCarrierFreq
                0x000000009d0078fc       0x8c build/RFM69.o
                0x000000009d0078fd                RFM69_SetRfCarrierFreq

.text.RFM69_SetRxBw
                0x000000009d007988       0xcc
 .text.RFM69_SetRxBw
                0x000000009d007988       0xcc build/RFM69.o
                0x000000009d007989                RFM69_SetRxBw

.text.RFM69_GetRSSI
                0x000000009d007a54       0x88
 .text.RFM69_GetRSSI
                0x000000009d007a54       0x88 build/RFM69.o
                0x000000009d007a55                RFM69_GetRSSI

.text.RFM69_Init
                0x000000009d007adc      0x274
 .text.RFM69_Init
                0x000000009d007adc      0x274 build/RFM69.o
                0x000000009d007add                RFM69_Init

.text.main_entry
                0x000000009d007d50       0x30
 .text.main_entry
                0x000000009d007d50       0x30 /tmp/ccSTs7GC.o
                0x000000009d007d67                __crt0_exit

.text.general_exception
                0x000000009d007d80       0x80
 .text.general_exception
                0x000000009d007d80       0x80 /tmp/ccCxLQkz.o
                0x000000009d007d81                _general_exception_context

.init           0x000000009d007e00        0x0
 *crti.o(.init)
 *crtbegin.o(.init)
 *(EXCLUDE_FILE(*crtn.o *crtend?.o *crtend.o) .init)
 *crtend.o(.init)
 *crtn.o(.init)
                0x000000009d007e00                . = ALIGN (0x4)

.fini           0x000000009d007e00        0x0
 *(.fini)
                0x000000009d007e00                . = ALIGN (0x4)

.preinit_array  0x000000009d007e00        0x0
                [!provide]                        PROVIDE (__preinit_array_start = .)
 *(.preinit_array)
                [!provide]                        PROVIDE (__preinit_array_end = .)
                0x000000009d007e00                . = ALIGN (0x4)

.init_array     0x000000009d007e00        0x0
                [!provide]                        PROVIDE (__init_array_start = .)
 *(SORT_BY_NAME(.init_array.*))
 *(.init_array)
                [!provide]                        PROVIDE (__init_array_end = .)
                0x000000009d007e00                . = ALIGN (0x4)

.fini_array     0x000000009d007e00        0x0
                [!provide]                        PROVIDE (__fini_array_start = .)
 *(SORT_BY_NAME(.fini_array.*))
 *(.fini_array)
                [!provide]                        PROVIDE (__fini_array_end = .)
                0x000000009d007e00                . = ALIGN (0x4)

.ctors          0x000000009d007e00        0x0
 *crtbegin.o(.ctors)
 *crtbegin?.o(.ctors)
 *(EXCLUDE_FILE(*crtend?.o *crtend.o) .ctors)
 *(SORT_BY_NAME(.ctors.*))
 *(.ctors)
                0x000000009d007e00                . = ALIGN (0x4)

.dtors          0x000000009d007e00        0x0
 *crtbegin.o(.dtors)
 *crtbegin?.o(.dtors)
 *(EXCLUDE_FILE(*crtend?.o *crtend.o) .dtors)
 *(SORT_BY_NAME(.dtors.*))
 *(.dtors)
                0x000000009d007e00                . = ALIGN (0x4)

.rodata         0x000000009d007e00      0x554
 *(.gnu.linkonce.r.*)
 *(.rodata1)
                0x000000009d007e00                . = ALIGN (0x4)
 .rodata        0x000000009d007e00       0x30 /usr/lib/gcc/mipsel-elf/10.1.0/../../../../mipsel-elf/lib/soft-float/micromips/libm.a(lib_a-e_pow.o)
 .rodata        0x000000009d007e30       0x10 /usr/lib/gcc/mipsel-elf/10.1.0/../../../../mipsel-elf/lib/soft-float/micromips/libm.a(lib_a-s_rint.o)
 .rodata        0x000000009d007e40       0x84 /usr/lib/gcc/mipsel-elf/10.1.0/../../../../mipsel-elf/lib/soft-float/micromips/libc.a(lib_a-nano-svfscanf.o)
 .rodata        0x000000009d007ec4       0x58 /usr/lib/gcc/mipsel-elf/10.1.0/../../../../mipsel-elf/lib/soft-float/micromips/libc.a(lib_a-nano-vfprintf_i.o)
 .rodata        0x000000009d007f1c      0x284 /usr/lib/gcc/mipsel-elf/10.1.0/../../../../mipsel-elf/lib/soft-float/micromips/libc.a(lib_a-ctype_.o)
                0x000000009d007f1c                _ctype_
                0x000000009d008020                _ctype_b
 .rodata        0x000000009d0081a0       0x3c /usr/lib/gcc/mipsel-elf/10.1.0/soft-float/micromips/libgcc.a(divsf3.o)
 .rodata        0x000000009d0081dc       0x3c /usr/lib/gcc/mipsel-elf/10.1.0/soft-float/micromips/libgcc.a(divdf3.o)
 .rodata        0x000000009d008218       0x3c /usr/lib/gcc/mipsel-elf/10.1.0/soft-float/micromips/libgcc.a(muldf3.o)
 .rodata        0x000000009d008254      0x100 /usr/lib/gcc/mipsel-elf/10.1.0/soft-float/micromips/libgcc.a(_clz.o)
                0x000000009d008254                __clz_tab

.MIPS.abiflags  0x000000009d008358       0x18
 .MIPS.abiflags
                0x000000009d008358       0x18 build/main.o

.rodata.rssiSniffer.str1.4
                0x000000009d008370       0x36
 .rodata.rssiSniffer.str1.4
                0x000000009d008370       0x36 build/main.o

.rodata.tryCapture.str1.4
                0x000000009d0083a8       0x8f
 .rodata.tryCapture.str1.4
                0x000000009d0083a8       0x8f build/main.o

.rodata.printDebug.str1.4
                0x000000009d008438       0xcb
 .rodata.printDebug.str1.4
                0x000000009d008438       0xcb build/main.o

.rodata.main.str1.4
                0x000000009d008504      0x34c
 .rodata.main.str1.4
                0x000000009d008504      0x34c build/main.o

.rodata.str1.4  0x000000009d008850       0x5a
 .rodata.str1.4
                0x000000009d008850        0x0 /usr/lib/gcc/mipsel-elf/10.1.0/../../../../mipsel-elf/lib/soft-float/micromips/libm.a(lib_a-e_pow.o)
                                          0x1 (size before relaxing)
 .rodata.str1.4
                0x000000009d008850       0x13 /usr/lib/gcc/mipsel-elf/10.1.0/../../../../mipsel-elf/lib/soft-float/micromips/libc.a(lib_a-nano-svfprintf.o)
 .rodata.str1.4
                0x000000009d008863        0x4 /usr/lib/gcc/mipsel-elf/10.1.0/../../../../mipsel-elf/lib/soft-float/micromips/libc.a(lib_a-nano-svfscanf.o)
 *fill*         0x000000009d008863        0x1 
 .rodata.str1.4
                0x000000009d008864       0x25 /usr/lib/gcc/mipsel-elf/10.1.0/../../../../mipsel-elf/lib/soft-float/micromips/libc.a(lib_a-nano-vfprintf_i.o)
 *fill*         0x000000009d008889        0x3 
 .rodata.str1.4
                0x000000009d00888c       0x1e /usr/lib/gcc/mipsel-elf/10.1.0/../../../../mipsel-elf/lib/soft-float/micromips/libc.a(lib_a-nano-vfscanf_i.o)

.sdata2         0x000000009d0088ac        0x0
 *(.sdata2 .sdata2.* .gnu.linkonce.s2.*)
                0x000000009d0088ac                . = ALIGN (0x4)

.sbss2          0x000000009d0088ac        0x0
 *(.sbss2 .sbss2.* .gnu.linkonce.sb2.*)
                0x000000009d0088ac                . = ALIGN (0x4)

.eh_frame_hdr
 *(.eh_frame_hdr)
                0x000000009d0088ac                . = ALIGN (0x4)

.eh_frame       0x000000009d0088ac       0x28
 *(.eh_frame)
 .eh_frame      0x000000009d0088ac        0x0 /usr/lib/gcc/mipsel-elf/10.1.0/soft-float/micromips/libgcc.a(_divdi3.o)
                                         0x28 (size before relaxing)
 .eh_frame      0x000000009d0088ac       0x28 /usr/lib/gcc/mipsel-elf/10.1.0/soft-float/micromips/libgcc.a(_udivdi3.o)
                0x000000009d0088d4                . = ALIGN (0x4)

.gcc_except_table
 *(.gcc_except_table .gcc_except_table.*)
                0x000000009d0088d4                . = ALIGN (0x4)

.dbg_data       0x0000000080000000        0x0
                0x0000000080000000                . = (. + DEFINED (_DEBUGGER)?0x200:0x0)

.jcr            0x0000000080000000        0x0
 *(.jcr)
                0x0000000080000000                . = ALIGN (0x4)

.eh_frame
 *(.eh_frame)
                0x0000000080000000                . = ALIGN (0x4)

.gcc_except_table
 *(.gcc_except_table .gcc_except_table.*)
                0x0000000080000000                . = ALIGN (0x4)

.persist        0x0000000080000000        0x0
                0x0000000080000000                _persist_begin = .
 *(.persist .persist.*)
 *(.pbss .pbss.*)
                0x0000000080000000                . = ALIGN (0x4)
                0x0000000080000000                _persist_end = .
                0x000000009d0088d4                _startupInitData = LOADADDR (.data)

.data           0x0000000080000000      0x830 load address 0x000000009d0088d4
                0x0000000080000000                _data_begin = .
 *(.gnu.linkonce.d.*)
 *(.data1)
                0x0000000080000000                . = ALIGN (0x4)
                0x00000000800009a8                _data_end = .
 .data          0x0000000080000000      0x428 /usr/lib/gcc/mipsel-elf/10.1.0/../../../../mipsel-elf/lib/soft-float/micromips/libc.a(lib_a-impure.o)
 .data          0x0000000080000428      0x408 /usr/lib/gcc/mipsel-elf/10.1.0/../../../../mipsel-elf/lib/soft-float/micromips/libc.a(lib_a-mallocr.o)
                0x0000000080000428                __malloc_av_
                0x0000000080000830                . = .
                0x0000000080008820                _gp = (ALIGN (0x10) + 0x7ff0)

.got            0x0000000080000830        0x0
 *(.got.plt)
 *(.got)
                0x0000000080000830                . = ALIGN (0x4)

.sdata          0x0000000080000830      0x178 load address 0x000000009d009104
                0x0000000080000830                _sdata_begin = .
 *(.sdata .sdata.* .gnu.linkonce.s.*)
 .sdata         0x0000000080000830       0x18 build/RFM69.o
 .sdata         0x0000000080000848       0x18 /usr/lib/gcc/mipsel-elf/10.1.0/../../../../mipsel-elf/lib/soft-float/micromips/libm.a(lib_a-w_pow.o)
 .sdata         0x0000000080000860       0xf8 /usr/lib/gcc/mipsel-elf/10.1.0/../../../../mipsel-elf/lib/soft-float/micromips/libm.a(lib_a-e_pow.o)
 .sdata         0x0000000080000958        0x4 /usr/lib/gcc/mipsel-elf/10.1.0/../../../../mipsel-elf/lib/soft-float/micromips/libm.a(lib_a-s_lib_ver.o)
                0x0000000080000958                __fdlib_version
 *fill*         0x000000008000095c        0x4 
 .sdata         0x0000000080000960        0x8 /usr/lib/gcc/mipsel-elf/10.1.0/../../../../mipsel-elf/lib/soft-float/micromips/libm.a(lib_a-s_nan.o)
 .sdata         0x0000000080000968       0x30 /usr/lib/gcc/mipsel-elf/10.1.0/../../../../mipsel-elf/lib/soft-float/micromips/libm.a(lib_a-s_scalbn.o)
 .sdata         0x0000000080000998        0x8 /usr/lib/gcc/mipsel-elf/10.1.0/../../../../mipsel-elf/lib/soft-float/micromips/libc.a(lib_a-impure.o)
                0x0000000080000998                _global_impure_ptr
                0x000000008000099c                _impure_ptr
 .sdata         0x00000000800009a0        0x8 /usr/lib/gcc/mipsel-elf/10.1.0/../../../../mipsel-elf/lib/soft-float/micromips/libc.a(lib_a-mallocr.o)
                0x00000000800009a0                __malloc_sbrk_base
                0x00000000800009a4                __malloc_trim_threshold
                0x00000000800009a8                . = ALIGN (0x4)
                0x00000000800009a8                _sdata_end = .

.lit8
 *(.lit8)

.lit4
 *(.lit4)
                0x00000000800009a8                . = ALIGN (0x4)
                0x00000000800009a8                _data_end = .
                0x00000000800009a8                _bss_begin = .

.sbss           0x00000000800009a8       0x18
                0x00000000800009a8                _sbss_begin = .
 *(.dynsbss)
 *(.sbss .sbss.* .gnu.linkonce.sb.*)
 .sbss.lengthArray
                0x00000000800009a8        0x4 build/main.o
                0x00000000800009a8                lengthArray
 .sbss          0x00000000800009ac        0x4 /usr/lib/gcc/mipsel-elf/10.1.0/../../../../mipsel-elf/lib/soft-float/micromips/libc.a(lib_a-reent.o)
                0x00000000800009ac                errno
 .sbss          0x00000000800009b0        0xc /usr/lib/gcc/mipsel-elf/10.1.0/../../../../mipsel-elf/lib/soft-float/micromips/libc.a(lib_a-mallocr.o)
                0x00000000800009b0                __malloc_max_total_mem
                0x00000000800009b4                __malloc_max_sbrked_mem
                0x00000000800009b8                __malloc_top_pad
 .sbss          0x00000000800009bc        0x4 /usr/lib/gcc/mipsel-elf/10.1.0/../../../../mipsel-elf/lib/soft-float/micromips/libnosys.a(sbrk.o)
 *(.scommon)
                0x00000000800009c0                _sbss_end = .
                0x00000000800009c0                . = ALIGN (0x4)

.bss            0x00000000800009c0       0x28
 *(.dynbss)
 *(COMMON)
                0x00000000800009c0                . = ALIGN ((. != 0x0)?0x4:0x1)
 .bss           0x00000000800009c0       0x28 /usr/lib/gcc/mipsel-elf/10.1.0/../../../../mipsel-elf/lib/soft-float/micromips/libc.a(lib_a-mallocr.o)
                0x00000000800009c0                __malloc_current_mallinfo

.bss.tempArray  0x00000000800009e8      0x200
 .bss.tempArray
                0x00000000800009e8      0x200 build/main.o
                0x00000000800009e8                tempArray

.bss.comStruct_UART_RX
                0x0000000080000be8       0x84
 .bss.comStruct_UART_RX
                0x0000000080000be8       0x84 build/COMMS.o
                0x0000000080000be8                comStruct_UART_RX
                0x0000000080000c70                . = ALIGN (0x8)
                0x0000000080000c70                _end = .
                0x0000000080000c70                _bss_end = .

.stack          0x0000000080000c70      0x500
                0x0000000080000c70                _splim = .
                0x0000000080001170                . = (. + _min_stack_size)
 *fill*         0x0000000080000c70      0x500 
                0x0000000080001168                _stack = (. - 0x8)

.heap           0x0000000080001170      0x500
                0x0000000080001170                _heap_head = .
                0x0000000080001170                end = _heap_head
                0x0000000080001670                . = (. + _min_heap_size)
 *fill*         0x0000000080001170      0x500 
                0x0000000080001668                _heap_end = (. - 0x8)
                0x0000000000002000                _bmxdudba_address = LENGTH (kseg0_data_mem)
                0x0000000000002000                _bmxdupba_address = LENGTH (kseg0_data_mem)

/DISCARD/
 *(.pdr)
 *(.rel.dyn)
 *(.note.GNU-stack)
 *(.note.GNU-stack)
 *(.gnu_debuglink)
 *(.gnu.lto_*)
 *(.discard)

.gptab.sdata
 *(.gptab.data)
 *(.gptab.sdata)

.gptab.sbss
 *(.gptab.bss)
 *(.gptab.sbss)

.mdebug.abi32   0x0000000000000000        0x0
 *(.mdebug.abi32)
 .mdebug.abi32  0x0000000000000000        0x0 build/main.o
 .mdebug.abi32  0x0000000000000000        0x0 build/interrupt.o
 .mdebug.abi32  0x0000000000000000        0x0 build/syscalls.o
 .mdebug.abi32  0x0000000000000000        0x0 build/configBits.o
 .mdebug.abi32  0x0000000000000000        0x0 build/UARTDrv.o
 .mdebug.abi32  0x0000000000000000        0x0 build/helper.o
 .mdebug.abi32  0x0000000000000000        0x0 build/SPIDrv.o
 .mdebug.abi32  0x0000000000000000        0x0 build/GPIODrv.o
 .mdebug.abi32  0x0000000000000000        0x0 build/BTN.o
 .mdebug.abi32  0x0000000000000000        0x0 build/COMMS.o
 .mdebug.abi32  0x0000000000000000        0x0 build/LED.o
 .mdebug.abi32  0x0000000000000000        0x0 build/RFM69.o
 .mdebug.abi32  0x0000000000000000        0x0 /usr/lib/gcc/mipsel-elf/10.1.0/../../../../mipsel-elf/lib/soft-float/micromips/libm.a(lib_a-w_pow.o)
 .mdebug.abi32  0x0000000000000000        0x0 /usr/lib/gcc/mipsel-elf/10.1.0/../../../../mipsel-elf/lib/soft-float/micromips/libm.a(lib_a-e_pow.o)
 .mdebug.abi32  0x0000000000000000        0x0 /usr/lib/gcc/mipsel-elf/10.1.0/../../../../mipsel-elf/lib/soft-float/micromips/libm.a(lib_a-e_sqrt.o)
 .mdebug.abi32  0x0000000000000000        0x0 /usr/lib/gcc/mipsel-elf/10.1.0/../../../../mipsel-elf/lib/soft-float/micromips/libm.a(lib_a-s_fabs.o)
 .mdebug.abi32  0x0000000000000000        0x0 /usr/lib/gcc/mipsel-elf/10.1.0/../../../../mipsel-elf/lib/soft-float/micromips/libm.a(lib_a-s_finite.o)
 .mdebug.abi32  0x0000000000000000        0x0 /usr/lib/gcc/mipsel-elf/10.1.0/../../../../mipsel-elf/lib/soft-float/micromips/libm.a(lib_a-s_lib_ver.o)
 .mdebug.abi32  0x0000000000000000        0x0 /usr/lib/gcc/mipsel-elf/10.1.0/../../../../mipsel-elf/lib/soft-float/micromips/libm.a(lib_a-s_nan.o)
 .mdebug.abi32  0x0000000000000000        0x0 /usr/lib/gcc/mipsel-elf/10.1.0/../../../../mipsel-elf/lib/soft-float/micromips/libm.a(lib_a-s_rint.o)
 .mdebug.abi32  0x0000000000000000        0x0 /usr/lib/gcc/mipsel-elf/10.1.0/../../../../mipsel-elf/lib/soft-float/micromips/libm.a(lib_a-s_scalbn.o)
 .mdebug.abi32  0x0000000000000000        0x0 /usr/lib/gcc/mipsel-elf/10.1.0/../../../../mipsel-elf/lib/soft-float/micromips/libc.a(lib_a-errno.o)
 .mdebug.abi32  0x0000000000000000        0x0 /usr/lib/gcc/mipsel-elf/10.1.0/../../../../mipsel-elf/lib/soft-float/micromips/libc.a(lib_a-impure.o)
 .mdebug.abi32  0x0000000000000000        0x0 /usr/lib/gcc/mipsel-elf/10.1.0/../../../../mipsel-elf/lib/soft-float/micromips/libc.a(lib_a-sprintf.o)
 .mdebug.abi32  0x0000000000000000        0x0 /usr/lib/gcc/mipsel-elf/10.1.0/../../../../mipsel-elf/lib/soft-float/micromips/libc.a(lib_a-sscanf.o)
 .mdebug.abi32  0x0000000000000000        0x0 /usr/lib/gcc/mipsel-elf/10.1.0/../../../../mipsel-elf/lib/soft-float/micromips/libc.a(lib_a-stdio.o)
 .mdebug.abi32  0x0000000000000000        0x0 /usr/lib/gcc/mipsel-elf/10.1.0/../../../../mipsel-elf/lib/soft-float/micromips/libc.a(lib_a-strlen.o)
 .mdebug.abi32  0x0000000000000000        0x0 /usr/lib/gcc/mipsel-elf/10.1.0/../../../../mipsel-elf/lib/soft-float/micromips/libc.a(lib_a-writer.o)
 .mdebug.abi32  0x0000000000000000        0x0 /usr/lib/gcc/mipsel-elf/10.1.0/../../../../mipsel-elf/lib/soft-float/micromips/libc.a(lib_a-closer.o)
 .mdebug.abi32  0x0000000000000000        0x0 /usr/lib/gcc/mipsel-elf/10.1.0/../../../../mipsel-elf/lib/soft-float/micromips/libc.a(lib_a-lseekr.o)
 .mdebug.abi32  0x0000000000000000        0x0 /usr/lib/gcc/mipsel-elf/10.1.0/../../../../mipsel-elf/lib/soft-float/micromips/libc.a(lib_a-nano-svfprintf.o)
 .mdebug.abi32  0x0000000000000000        0x0 /usr/lib/gcc/mipsel-elf/10.1.0/../../../../mipsel-elf/lib/soft-float/micromips/libc.a(lib_a-nano-svfscanf.o)
 .mdebug.abi32  0x0000000000000000        0x0 /usr/lib/gcc/mipsel-elf/10.1.0/../../../../mipsel-elf/lib/soft-float/micromips/libc.a(lib_a-nano-vfprintf_i.o)
 .mdebug.abi32  0x0000000000000000        0x0 /usr/lib/gcc/mipsel-elf/10.1.0/../../../../mipsel-elf/lib/soft-float/micromips/libc.a(lib_a-nano-vfscanf_i.o)
 .mdebug.abi32  0x0000000000000000        0x0 /usr/lib/gcc/mipsel-elf/10.1.0/../../../../mipsel-elf/lib/soft-float/micromips/libc.a(lib_a-readr.o)
 .mdebug.abi32  0x0000000000000000        0x0 /usr/lib/gcc/mipsel-elf/10.1.0/../../../../mipsel-elf/lib/soft-float/micromips/libc.a(lib_a-reallocr.o)
 .mdebug.abi32  0x0000000000000000        0x0 /usr/lib/gcc/mipsel-elf/10.1.0/../../../../mipsel-elf/lib/soft-float/micromips/libc.a(lib_a-reent.o)
 .mdebug.abi32  0x0000000000000000        0x0 /usr/lib/gcc/mipsel-elf/10.1.0/../../../../mipsel-elf/lib/soft-float/micromips/libc.a(lib_a-sccl.o)
 .mdebug.abi32  0x0000000000000000        0x0 /usr/lib/gcc/mipsel-elf/10.1.0/../../../../mipsel-elf/lib/soft-float/micromips/libc.a(lib_a-strtol.o)
 .mdebug.abi32  0x0000000000000000        0x0 /usr/lib/gcc/mipsel-elf/10.1.0/../../../../mipsel-elf/lib/soft-float/micromips/libc.a(lib_a-strtoul.o)
 .mdebug.abi32  0x0000000000000000        0x0 /usr/lib/gcc/mipsel-elf/10.1.0/../../../../mipsel-elf/lib/soft-float/micromips/libc.a(lib_a-ungetc.o)
 .mdebug.abi32  0x0000000000000000        0x0 /usr/lib/gcc/mipsel-elf/10.1.0/../../../../mipsel-elf/lib/soft-float/micromips/libc.a(lib_a-ctype_.o)
 .mdebug.abi32  0x0000000000000000        0x0 /usr/lib/gcc/mipsel-elf/10.1.0/../../../../mipsel-elf/lib/soft-float/micromips/libc.a(lib_a-fflush.o)
 .mdebug.abi32  0x0000000000000000        0x0 /usr/lib/gcc/mipsel-elf/10.1.0/../../../../mipsel-elf/lib/soft-float/micromips/libc.a(lib_a-findfp.o)
 .mdebug.abi32  0x0000000000000000        0x0 /usr/lib/gcc/mipsel-elf/10.1.0/../../../../mipsel-elf/lib/soft-float/micromips/libc.a(lib_a-freer.o)
 .mdebug.abi32  0x0000000000000000        0x0 /usr/lib/gcc/mipsel-elf/10.1.0/../../../../mipsel-elf/lib/soft-float/micromips/libc.a(lib_a-fwalk.o)